Component: ARM Compiler 5.06 update 4 (build 422) Tool: armlink [4d35d2]

==============================================================================

Section Cross References

    startup_stm32f407xx.o(RESET) refers to startup_stm32f407xx.o(STACK) for __initial_sp
    startup_stm32f407xx.o(RESET) refers to startup_stm32f407xx.o(.text) for Reset_Handler
    startup_stm32f407xx.o(RESET) refers to stm32f4xx_it.o(i.NMI_Handler) for NMI_Handler
    startup_stm32f407xx.o(RESET) refers to stm32f4xx_it.o(i.HardFault_Handler) for HardFault_Handler
    startup_stm32f407xx.o(RESET) refers to stm32f4xx_it.o(i.MemManage_Handler) for MemManage_Handler
    startup_stm32f407xx.o(RESET) refers to stm32f4xx_it.o(i.BusFault_Handler) for BusFault_Handler
    startup_stm32f407xx.o(RESET) refers to stm32f4xx_it.o(i.UsageFault_Handler) for UsageFault_Handler
    startup_stm32f407xx.o(RESET) refers to stm32f4xx_it.o(i.SVC_Handler) for SVC_Handler
    startup_stm32f407xx.o(RESET) refers to stm32f4xx_it.o(i.DebugMon_Handler) for DebugMon_Handler
    startup_stm32f407xx.o(RESET) refers to stm32f4xx_it.o(i.PendSV_Handler) for PendSV_Handler
    startup_stm32f407xx.o(RESET) refers to stm32f4xx_it.o(i.SysTick_Handler) for SysTick_Handler
    startup_stm32f407xx.o(RESET) refers to stm32f4xx_it.o(i.EXTI0_IRQHandler) for EXTI0_IRQHandler
    startup_stm32f407xx.o(RESET) refers to stm32f4xx_it.o(i.EXTI1_IRQHandler) for EXTI1_IRQHandler
    startup_stm32f407xx.o(RESET) refers to stm32f4xx_it.o(i.DMA1_Stream3_IRQHandler) for DMA1_Stream3_IRQHandler
    startup_stm32f407xx.o(RESET) refers to stm32f4xx_it.o(i.DMA1_Stream7_IRQHandler) for DMA1_Stream7_IRQHandler
    startup_stm32f407xx.o(.text) refers to system_stm32f4xx.o(i.SystemInit) for SystemInit
    startup_stm32f407xx.o(.text) refers to entry.o(.ARM.Collect$$$$00000000) for __main
    stm32f4xx_hal_i2s_ex.o(i.HAL_I2SEx_TransmitReceive) refers to stm32f4xx_hal_i2s.o(i.I2S_WaitFlagStateUntilTimeout) for I2S_WaitFlagStateUntilTimeout
    stm32f4xx_hal_i2s_ex.o(i.HAL_I2SEx_TransmitReceive) refers to stm32f4xx_hal.o(i.HAL_GetTick) for HAL_GetTick
    stm32f4xx_hal_i2s_ex.o(i.HAL_I2SEx_TransmitReceive_DMA) refers to stm32f4xx_hal_dma.o(i.HAL_DMA_Start_IT) for HAL_DMA_Start_IT
    stm32f4xx_hal_i2s_ex.o(i.HAL_I2SEx_TransmitReceive_DMA) refers to stm32f4xx_hal_i2s.o(i.I2S_DMARxHalfCplt) for I2S_DMARxHalfCplt
    stm32f4xx_hal_i2s_ex.o(i.HAL_I2SEx_TransmitReceive_DMA) refers to stm32f4xx_hal_i2s_ex.o(i.I2S_DMARxCplt) for I2S_DMARxCplt
    stm32f4xx_hal_i2s_ex.o(i.HAL_I2SEx_TransmitReceive_DMA) refers to stm32f4xx_hal_i2s.o(i.I2S_DMAError) for I2S_DMAError
    stm32f4xx_hal_i2s_ex.o(i.HAL_I2SEx_TransmitReceive_DMA) refers to stm32f4xx_hal_i2s.o(i.I2S_DMATxHalfCplt) for I2S_DMATxHalfCplt
    stm32f4xx_hal_i2s_ex.o(i.HAL_I2SEx_TransmitReceive_DMA) refers to stm32f4xx_hal_i2s_ex.o(i.I2S_DMATxCplt) for I2S_DMATxCplt
    stm32f4xx_hal_i2s_ex.o(i.HAL_I2S_DMAStop) refers to stm32f4xx_hal_dma.o(i.HAL_DMA_Abort) for HAL_DMA_Abort
    stm32f4xx_hal_i2s_ex.o(i.HAL_I2S_IRQHandler) refers to stm32f4xx_hal_i2s.o(i.I2S_Receive_IT) for I2S_Receive_IT
    stm32f4xx_hal_i2s_ex.o(i.HAL_I2S_IRQHandler) refers to stm32f4xx_hal_i2s.o(i.I2S_Transmit_IT) for I2S_Transmit_IT
    stm32f4xx_hal_i2s_ex.o(i.HAL_I2S_IRQHandler) refers to stm32f4xx_hal_i2s_ex.o(i.I2SEx_TransmitReceive_IT) for I2SEx_TransmitReceive_IT
    stm32f4xx_hal_i2s_ex.o(i.HAL_I2S_IRQHandler) refers to stm32f4_discovery_audio.o(i.HAL_I2S_ErrorCallback) for HAL_I2S_ErrorCallback
    stm32f4xx_hal_i2s_ex.o(i.HAL_I2S_Init) refers to stm32f4xx_hal_i2s.o(i.HAL_I2S_MspInit) for HAL_I2S_MspInit
    stm32f4xx_hal_i2s_ex.o(i.HAL_I2S_Init) refers to stm32f4xx_hal_i2s_ex.o(i.I2S_GetInputClock) for I2S_GetInputClock
    stm32f4xx_hal_i2s_ex.o(i.I2SEx_TransmitReceive_IT) refers to stm32f4_discovery_audio.o(i.HAL_I2S_TxCpltCallback) for HAL_I2S_TxCpltCallback
    stm32f4xx_hal_i2s_ex.o(i.I2SEx_TransmitReceive_IT) refers to stm32f4_discovery_audio.o(i.HAL_I2S_RxCpltCallback) for HAL_I2S_RxCpltCallback
    stm32f4xx_hal_i2s_ex.o(i.I2S_DMARxCplt) refers to stm32f4_discovery_audio.o(i.HAL_I2S_RxCpltCallback) for HAL_I2S_RxCpltCallback
    stm32f4xx_hal_i2s_ex.o(i.I2S_DMATxCplt) refers to stm32f4_discovery_audio.o(i.HAL_I2S_TxCpltCallback) for HAL_I2S_TxCpltCallback
    stm32f4xx_hal_pwr.o(i.HAL_PWR_PVD_IRQHandler) refers to stm32f4xx_hal_pwr.o(i.HAL_PWR_PVDCallback) for HAL_PWR_PVDCallback
    stm32f4xx_hal_cortex.o(i.HAL_NVIC_SetPriority) refers to stm32f4xx_hal_cortex.o(i.__NVIC_SetPriority) for __NVIC_SetPriority
    stm32f4xx_hal_cortex.o(i.HAL_SYSTICK_Config) refers to stm32f4xx_hal_cortex.o(i.__NVIC_SetPriority) for __NVIC_SetPriority
    stm32f4xx_hal_cortex.o(i.HAL_SYSTICK_IRQHandler) refers to stm32f4xx_hal_cortex.o(i.HAL_SYSTICK_Callback) for HAL_SYSTICK_Callback
    stm32f4xx_hal_pwr_ex.o(i.HAL_PWREx_ControlVoltageScaling) refers to stm32f4xx_hal.o(i.HAL_GetTick) for HAL_GetTick
[...]
    stm32f4xx_hal_flash_ex.o(i.HAL_FLASHEx_OBProgram) refers to stm32f4xx_hal_flash.o(.bss) for pFlash
    stm32f4xx_hal_rcc_ex.o(i.HAL_RCCEx_PeriphCLKConfig) refers to stm32f4xx_hal.o(i.HAL_GetTick) for HAL_GetTick
    stm32f4xx_hal_rcc_ex.o(i.HAL_RCC_DeInit) refers to system_stm32f4xx.o(.data) for SystemCoreClock
    stm32f4xx_hal_spi.o(i.HAL_SPI_DMAStop) refers to stm32f4xx_hal_dma.o(i.HAL_DMA_Abort) for HAL_DMA_Abort
    stm32f4xx_hal_spi.o(i.HAL_SPI_DeInit) refers to stm32f4xx_hal_spi.o(i.HAL_SPI_MspDeInit) for HAL_SPI_MspDeInit
    stm32f4xx_hal_spi.o(i.HAL_SPI_IRQHandler) refers to stm32f4xx_hal_dma.o(i.HAL_DMA_Abort_IT) for HAL_DMA_Abort_IT
    stm32f4xx_hal_spi.o(i.HAL_SPI_IRQHandler) refers to stm32f4xx_hal_spi.o(i.HAL_SPI_ErrorCallback) for HAL_SPI_ErrorCallback
    stm32f4xx_hal_spi.o(i.HAL_SPI_IRQHandler) refers to stm32f4xx_hal_spi.o(i.SPI_DMAAbortOnError) for SPI_DMAAbortOnError
    stm32f4xx_hal_spi.o(i.HAL_SPI_Init) refers to stm32f4xx_hal_spi.o(i.HAL_SPI_MspInit) for HAL_SPI_MspInit
    stm32f4xx_hal_spi.o(i.HAL_SPI_Receive) refers to stm32f4xx_hal.o(i.HAL_GetTick) for HAL_GetTick
    stm32f4xx_hal_spi.o(i.HAL_SPI_Receive) refers to stm32f4xx_hal_spi.o(i.HAL_SPI_TransmitReceive) for HAL_SPI_TransmitReceive
    stm32f4xx_hal_spi.o(i.HAL_SPI_Receive) refers to stm32f4xx_hal_spi.o(i.SPI_WaitFlagStateUntilTimeout) for SPI_WaitFlagStateUntilTimeout
    stm32f4xx_hal_spi.o(i.HAL_SPI_Receive_DMA) refers to stm32f4xx_hal_spi.o(i.HAL_SPI_TransmitReceive_DMA) for HAL_SPI_TransmitReceive_DMA
    stm32f4xx_hal_spi.o(i.HAL_SPI_Receive_DMA) refers to stm32f4xx_hal_dma.o(i.HAL_DMA_Start_IT) for HAL_DMA_Start_IT
    stm32f4xx_hal_spi.o(i.HAL_SPI_Receive_DMA) refers to stm32f4xx_hal_spi.o(i.SPI_DMAHalfReceiveCplt) for SPI_DMAHalfReceiveCplt
    stm32f4xx_hal_spi.o(i.HAL_SPI_Receive_DMA) refers to stm32f4xx_hal_spi.o(i.SPI_DMAReceiveCplt) for SPI_DMAReceiveCplt
    stm32f4xx_hal_spi.o(i.HAL_SPI_Receive_DMA) refers to stm32f4xx_hal_spi.o(i.SPI_DMAError) for SPI_DMAError
    stm32f4xx_hal_spi.o(i.HAL_SPI_Receive_IT) refers to stm32f4xx_hal_spi.o(i.HAL_SPI_TransmitReceive_IT) for HAL_SPI_TransmitReceive_IT
    stm32f4xx_hal_spi.o(i.HAL_SPI_Receive_IT) refers to stm32f4xx_hal_spi.o(i.SPI_RxISR_16BIT) for SPI_RxISR_16BIT
    stm32f4xx_hal_spi.o(i.HAL_SPI_Receive_IT) refers to stm32f4xx_hal_spi.o(i.SPI_RxISR_8BIT) for SPI_RxISR_8BIT
    stm32f4xx_hal_spi.o(i.HAL_SPI_Transmit) refers to stm32f4xx_hal.o(i.HAL_GetTick) for HAL_GetTick
    stm32f4xx_hal_spi.o(i.HAL_SPI_Transmit) refers to stm32f4xx_hal_spi.o(i.SPI_WaitFlagStateUntilTimeout) for SPI_WaitFlagStateUntilTimeout
    stm32f4xx_hal_spi.o(i.HAL_SPI_Transmit) refers to stm32f4xx_hal_spi.o(i.SPI_CheckFlag_BSY) for SPI_CheckFlag_BSY
    stm32f4xx_hal_spi.o(i.HAL_SPI_TransmitReceive) refers to stm32f4xx_hal.o(i.HAL_GetTick) for HAL_GetTick
    stm32f4xx_hal_spi.o(i.HAL_SPI_TransmitReceive) refers to stm32f4xx_hal_spi.o(i.SPI_WaitFlagStateUntilTimeout) for SPI_WaitFlagStateUntilTimeout
    stm32f4xx_hal_spi.o(i.HAL_SPI_TransmitReceive) refers to stm32f4xx_hal_spi.o(i.SPI_CheckFlag_BSY) for SPI_CheckFlag_BSY
    stm32f4xx_hal_spi.o(i.HAL_SPI_TransmitReceive_DMA) refers to stm32f4xx_hal_dma.o(i.HAL_DMA_Start_IT) for HAL_DMA_Start_IT
    stm32f4xx_hal_spi.o(i.HAL_SPI_TransmitReceive_DMA) refers to stm32f4xx_hal_spi.o(i.SPI_DMAHalfTransmitReceiveCplt) for SPI_DMAHalfTransmitReceiveCplt
    stm32f4xx_hal_spi.o(i.HAL_SPI_TransmitReceive_DMA) refers to stm32f4xx_hal_spi.o(i.SPI_DMATransmitReceiveCplt) for SPI_DMATransmitReceiveCplt
    stm32f4xx_hal_spi.o(i.HAL_SPI_TransmitReceive_DMA) refers to stm32f4xx_hal_spi.o(i.SPI_DMAError) for SPI_DMAError
    stm32f4xx_hal_spi.o(i.HAL_SPI_TransmitReceive_DMA) refers to stm32f4xx_hal_spi.o(i.SPI_DMAHalfReceiveCplt) for SPI_DMAHalfReceiveCplt
    stm32f4xx_hal_spi.o(i.HAL_SPI_TransmitReceive_DMA) refers to stm32f4xx_hal_spi.o(i.SPI_DMAReceiveCplt) for SPI_DMAReceiveCplt
    stm32f4xx_hal_spi.o(i.HAL_SPI_TransmitReceive_IT) refers to stm32f4xx_hal_spi.o(i.SPI_2linesRxISR_16BIT) for SPI_2linesRxISR_16BIT
    stm32f4xx_hal_spi.o(i.HAL_SPI_TransmitReceive_IT) refers to stm32f4xx_hal_spi.o(i.SPI_2linesTxISR_16BIT) for SPI_2linesTxISR_16BIT
    stm32f4xx_hal_spi.o(i.HAL_SPI_TransmitReceive_IT) refers to stm32f4xx_hal_spi.o(i.SPI_2linesRxISR_8BIT) for SPI_2linesRxISR_8BIT
    stm32f4xx_hal_spi.o(i.HAL_SPI_TransmitReceive_IT) refers to stm32f4xx_hal_spi.o(i.SPI_2linesTxISR_8BIT) for SPI_2linesTxISR_8BIT
    stm32f4xx_hal_spi.o(i.HAL_SPI_Transmit_DMA) refers to stm32f4xx_hal_dma.o(i.HAL_DMA_Start_IT) for HAL_DMA_Start_IT
    stm32f4xx_hal_spi.o(i.HAL_SPI_Transmit_DMA) refers to stm32f4xx_hal_spi.o(i.SPI_DMAHalfTransmitCplt) for SPI_DMAHalfTransmitCplt
    stm32f4xx_hal_spi.o(i.HAL_SPI_Transmit_DMA) refers to stm32f4xx_hal_spi.o(i.SPI_DMATransmitCplt) for SPI_DMATransmitCplt
    stm32f4xx_hal_spi.o(i.HAL_SPI_Transmit_DMA) refers to stm32f4xx_hal_spi.o(i.SPI_DMAError) for SPI_DMAError
    stm32f4xx_hal_spi.o(i.HAL_SPI_Transmit_IT) refers to stm32f4xx_hal_spi.o(i.SPI_TxISR_16BIT) for SPI_TxISR_16BIT
    stm32f4xx_hal_spi.o(i.HAL_SPI_Transmit_IT) refers to stm32f4xx_hal_spi.o(i.SPI_TxISR_8BIT) for SPI_TxISR_8BIT
    stm32f4xx_hal_spi.o(i.SPI_2linesRxISR_16BIT) refers to stm32f4xx_hal_spi.o(i.SPI_CloseRxTx_ISR) for SPI_CloseRxTx_ISR
    stm32f4xx_hal_spi.o(i.SPI_2linesRxISR_16BIT) refers to stm32f4xx_hal_spi.o(i.SPI_2linesRxISR_16BITCRC) for SPI_2linesRxISR_16BITCRC
    stm32f4xx_hal_spi.o(i.SPI_2linesRxISR_16BITCRC) refers to stm32f4xx_hal_spi.o(i.SPI_CloseRxTx_ISR) for SPI_CloseRxTx_ISR
    stm32f4xx_hal_spi.o(i.SPI_2linesRxISR_8BIT) refers to stm32f4xx_hal_spi.o(i.SPI_CloseRxTx_ISR) for SPI_CloseRxTx_ISR
    stm32f4xx_hal_spi.o(i.SPI_2linesRxISR_8BIT) refers to stm32f4xx_hal_spi.o(i.SPI_2linesRxISR_8BITCRC) for SPI_2linesRxISR_8BITCRC
    stm32f4xx_hal_spi.o(i.SPI_2linesRxISR_8BITCRC) refers to stm32f4xx_hal_spi.o(i.SPI_CloseRxTx_ISR) for SPI_CloseRxTx_ISR
    stm32f4xx_hal_spi.o(i.SPI_2linesTxISR_16BIT) refers to stm32f4xx_hal_spi.o(i.SPI_CloseRxTx_ISR) for SPI_CloseRxTx_ISR
    stm32f4xx_hal_spi.o(i.SPI_2linesTxISR_8BIT) refers to stm32f4xx_hal_spi.o(i.SPI_CloseRxTx_ISR) for SPI_CloseRxTx_ISR
    stm32f4xx_hal_spi.o(i.SPI_CheckFlag_BSY) refers to stm32f4xx_hal_spi.o(i.SPI_WaitFlagStateUntilTimeout) for SPI_WaitFlagStateUntilTimeout
    stm32f4xx_hal_spi.o(i.SPI_CloseRxTx_ISR) refers to stm32f4xx_hal.o(i.HAL_GetTick) for HAL_GetTick
    stm32f4xx_hal_spi.o(i.SPI_CloseRxTx_ISR) refers to stm32f4xx_hal_spi.o(i.SPI_CheckFlag_BSY) for SPI_CheckFlag_BSY
    stm32f4xx_hal_spi.o(i.SPI_CloseRxTx_ISR) refers to stm32f4xx_hal_spi.o(i.HAL_SPI_ErrorCallback) for HAL_SPI_ErrorCallback
    stm32f4xx_hal_spi.o(i.SPI_CloseRxTx_ISR) refers to stm32f4xx_hal_spi.o(i.HAL_SPI_TxRxCpltCallback) for HAL_SPI_TxRxCpltCallback
    stm32f4xx_hal_spi.o(i.SPI_CloseRxTx_ISR) refers to stm32f4xx_hal_spi.o(i.HAL_SPI_RxCpltCallback) for HAL_SPI_RxCpltCallback
    stm32f4xx_hal_spi.o(i.SPI_CloseRxTx_ISR) refers to system_stm32f4xx.o(.data) for SystemCoreClock
    stm32f4xx_hal_spi.o(i.SPI_CloseRx_ISR) refers to stm32f4xx_hal_spi.o(i.HAL_SPI_ErrorCallback) for HAL_SPI_ErrorCallback
    stm32f4xx_hal_spi.o(i.SPI_CloseRx_ISR) refers to stm32f4xx_hal_spi.o(i.HAL_SPI_RxCpltCallback) for HAL_SPI_RxCpltCallback
    stm32f4xx_hal_spi.o(i.SPI_CloseTx_ISR) refers to stm32f4xx_hal.o(i.HAL_GetTick) for HAL_GetTick
    stm32f4xx_hal_spi.o(i.SPI_CloseTx_ISR) refers to stm32f4xx_hal_spi.o(i.SPI_CheckFlag_BSY) for SPI_CheckFlag_BSY
    stm32f4xx_hal_spi.o(i.SPI_CloseTx_ISR) refers to stm32f4xx_hal_spi.o(i.HAL_SPI_ErrorCallback) for HAL_SPI_ErrorCallback
    stm32f4xx_hal_spi.o(i.SPI_CloseTx_ISR) refers to stm32f4xx_hal_spi.o(i.HAL_SPI_TxCpltCallback) for HAL_SPI_TxCpltCallback
    stm32f4xx_hal_spi.o(i.SPI_CloseTx_ISR) refers to system_stm32f4xx.o(.data) for SystemCoreClock
    stm32f4xx_hal_spi.o(i.SPI_DMAAbortOnError) refers to stm32f4xx_hal_spi.o(i.HAL_SPI_ErrorCallback) for HAL_SPI_ErrorCallback
    stm32f4xx_hal_spi.o(i.SPI_DMAError) refers to stm32f4xx_hal_spi.o(i.HAL_SPI_ErrorCallback) for HAL_SPI_ErrorCallback
    stm32f4xx_hal_spi.o(i.SPI_DMAHalfReceiveCplt) refers to stm32f4xx_hal_spi.o(i.HAL_SPI_RxHalfCpltCallback) for HAL_SPI_RxHalfCpltCallback
    stm32f4xx_hal_spi.o(i.SPI_DMAHalfTransmitCplt) refers to stm32f4xx_hal_spi.o(i.HAL_SPI_TxHalfCpltCallback) for HAL_SPI_TxHalfCpltCallback
    stm32f4xx_hal_spi.o(i.SPI_DMAHalfTransmitReceiveCplt) refers to stm32f4xx_hal_spi.o(i.HAL_SPI_TxRxHalfCpltCallback) for HAL_SPI_TxRxHalfCpltCallback
    stm32f4xx_hal_spi.o(i.SPI_DMAReceiveCplt) refers to stm32f4xx_hal.o(i.HAL_GetTick) for HAL_GetTick
    stm32f4xx_hal_spi.o(i.SPI_DMAReceiveCplt) refers to stm32f4xx_hal_spi.o(i.SPI_WaitFlagStateUntilTimeout) for SPI_WaitFlagStateUntilTimeout
    stm32f4xx_hal_spi.o(i.SPI_DMAReceiveCplt) refers to stm32f4xx_hal_spi.o(i.HAL_SPI_ErrorCallback) for HAL_SPI_ErrorCallback
    stm32f4xx_hal_spi.o(i.SPI_DMAReceiveCplt) refers to stm32f4xx_hal_spi.o(i.HAL_SPI_RxCpltCallback) for HAL_SPI_RxCpltCallback
    stm32f4xx_hal_spi.o(i.SPI_DMATransmitCplt) refers to stm32f4xx_hal.o(i.HAL_GetTick) for HAL_GetTick
    stm32f4xx_hal_spi.o(i.SPI_DMATransmitCplt) refers to stm32f4xx_hal_spi.o(i.SPI_CheckFlag_BSY) for SPI_CheckFlag_BSY
    stm32f4xx_hal_spi.o(i.SPI_DMATransmitCplt) refers to stm32f4xx_hal_spi.o(i.HAL_SPI_ErrorCallback) for HAL_SPI_ErrorCallback
    stm32f4xx_hal_spi.o(i.SPI_DMATransmitCplt) refers to stm32f4xx_hal_spi.o(i.HAL_SPI_TxCpltCallback) for HAL_SPI_TxCpltCallback
    stm32f4xx_hal_spi.o(i.SPI_DMATransmitReceiveCplt) refers to stm32f4xx_hal.o(i.HAL_GetTick) for HAL_GetTick
    stm32f4xx_hal_spi.o(i.SPI_DMATransmitReceiveCplt) refers to stm32f4xx_hal_spi.o(i.SPI_WaitFlagStateUntilTimeout) for SPI_WaitFlagStateUntilTimeout
    stm32f4xx_hal_spi.o(i.SPI_DMATransmitReceiveCplt) refers to stm32f4xx_hal_spi.o(i.SPI_CheckFlag_BSY) for SPI_CheckFlag_BSY
    stm32f4xx_hal_spi.o(i.SPI_DMATransmitReceiveCplt) refers to stm32f4xx_hal_spi.o(i.HAL_SPI_ErrorCallback) for HAL_SPI_ErrorCallback
    stm32f4xx_hal_spi.o(i.SPI_DMATransmitReceiveCplt) refers to stm32f4xx_hal_spi.o(i.HAL_SPI_TxRxCpltCallback) for HAL_SPI_TxRxCpltCallback
    stm32f4xx_hal_spi.o(i.SPI_RxISR_16BIT) refers to stm32f4xx_hal_spi.o(i.SPI_CloseRx_ISR) for SPI_CloseRx_ISR
    stm32f4xx_hal_spi.o(i.SPI_RxISR_16BIT) refers to stm32f4xx_hal_spi.o(i.SPI_RxISR_16BITCRC) for SPI_RxISR_16BITCRC
    stm32f4xx_hal_spi.o(i.SPI_RxISR_16BITCRC) refers to stm32f4xx_hal_spi.o(i.SPI_CloseRx_ISR) for SPI_CloseRx_ISR
    stm32f4xx_hal_spi.o(i.SPI_RxISR_8BIT) refers to stm32f4xx_hal_spi.o(i.SPI_CloseRx_ISR) for SPI_CloseRx_ISR
    stm32f4xx_hal_spi.o(i.SPI_RxISR_8BIT) refers to stm32f4xx_hal_spi.o(i.SPI_RxISR_8BITCRC) for SPI_RxISR_8BITCRC
    stm32f4xx_hal_spi.o(i.SPI_RxISR_8BITCRC) refers to stm32f4xx_hal_spi.o(i.SPI_CloseRx_ISR) for SPI_CloseRx_ISR
    stm32f4xx_hal_spi.o(i.SPI_TxISR_16BIT) refers to stm32f4xx_hal_spi.o(i.SPI_CloseTx_ISR) for SPI_CloseTx_ISR
    stm32f4xx_hal_spi.o(i.SPI_TxISR_8BIT) refers to stm32f4xx_hal_spi.o(i.SPI_CloseTx_ISR) for SPI_CloseTx_ISR
    stm32f4xx_hal_spi.o(i.SPI_WaitFlagStateUntilTimeout) refers to stm32f4xx_hal.o(i.HAL_GetTick) for HAL_GetTick
    stm32f4xx_hal_gpio.o(i.HAL_GPIO_EXTI_IRQHandler) refers to stm32f4xx_hal_gpio.o(i.HAL_GPIO_EXTI_Callback) for HAL_GPIO_EXTI_Callback
    audio_play.o(i.AudioPlay_Test) refers to stm32f4_discovery_accelerometer.o(i.BSP_ACCELERO_Init) for BSP_ACCELERO_Init
    audio_play.o(i.AudioPlay_Test) refers to main.o(i.Error_Handler) for Error_Handler
    audio_play.o(i.AudioPlay_Test) refers to stm32f4_discovery_accelerometer.o(i.BSP_ACCELERO_ReadID) for BSP_ACCELERO_ReadID
    audio_play.o(i.AudioPlay_Test) refers to stm32f4_discovery_accelerometer.o(i.BSP_ACCELERO_Click_ITConfig) for BSP_ACCELERO_Click_ITConfig
    audio_play.o(i.AudioPlay_Test) refers to stm32f4_discovery_accelerometer.o(i.BSP_ACCELERO_Click_ITClear) for BSP_ACCELERO_Click_ITClear
    audio_play.o(i.AudioPlay_Test) refers to stm32f4_discovery.o(i.BSP_LED_On) for BSP_LED_On
    audio_play.o(i.AudioPlay_Test) refers to stm32f4_discovery_audio.o(i.BSP_AUDIO_OUT_Init) for BSP_AUDIO_OUT_Init
    audio_play.o(i.AudioPlay_Test) refers to stm32f4_discovery_audio.o(i.BSP_AUDIO_OUT_Play) for BSP_AUDIO_OUT_Play
    audio_play.o(i.AudioPlay_Test) refers to stm32f4_discovery_audio.o(i.BSP_AUDIO_OUT_Pause) for BSP_AUDIO_OUT_Pause
    audio_play.o(i.AudioPlay_Test) refers to stm32f4_discovery.o(i.BSP_LED_Off) for BSP_LED_Off
    audio_play.o(i.AudioPlay_Test) refers to stm32f4_discovery_audio.o(i.BSP_AUDIO_OUT_Resume) for BSP_AUDIO_OUT_Resume
    audio_play.o(i.AudioPlay_Test) refers to stm32f4_discovery_audio.o(i.BSP_AUDIO_OUT_Stop) for BSP_AUDIO_OUT_Stop
    audio_play.o(i.AudioPlay_Test) refers to audio_play.o(.data) for .data
    audio_play.o(i.AudioPlay_Test) refers to main.o(.data) for UserPressButton
    audio_play.o(i.BSP_AUDIO_OUT_Error_CallBack) refers to main.o(i.Error_Handler) for Error_Handler
    audio_play.o(i.BSP_AUDIO_OUT_TransferComplete_CallBack) refers to stm32f4_discovery_audio.o(i.BSP_AUDIO_OUT_ChangeBuffer) for BSP_AUDIO_OUT_ChangeBuffer
    audio_play.o(i.BSP_AUDIO_OUT_TransferComplete_CallBack) refers to stm32f4_discovery_audio.o(i.BSP_AUDIO_OUT_Play) for BSP_AUDIO_OUT_Play
    audio_play.o(i.BSP_AUDIO_OUT_TransferComplete_CallBack) refers to audio_play.o(.data) for .data
    audio_play.o(i.BSP_AUDIO_OUT_TransferComplete_CallBack) refers to audio_record.o(.bss) for WrBuffer
    main.o(i.Error_Handler) refers to stm32f4_discovery.o(i.BSP_LED_On) for BSP_LED_On
    main.o(i.SystemClock_Config) refers to stm32f4xx_hal_rcc.o(i.HAL_RCC_OscConfig) for HAL_RCC_OscConfig
    main.o(i.SystemClock_Config) refers to stm32f4xx_hal_rcc.o(i.HAL_RCC_ClockConfig) for HAL_RCC_ClockConfig
    main.o(i.SystemClock_Config) refers to stm32f4xx_hal.o(i.HAL_GetREVID) for HAL_GetREVID
    main.o(i.Toggle_Leds) refers to stm32f4_discovery.o(i.BSP_LED_Toggle) for BSP_LED_Toggle
    main.o(i.Toggle_Leds) refers to stm32f4xx_hal.o(i.HAL_Delay) for HAL_Delay
    main.o(i.main) refers to stm32f4xx_hal.o(i.HAL_Init) for HAL_Init
    main.o(i.main) refers to stm32f4_discovery.o(i.BSP_LED_Init) for BSP_LED_Init
    main.o(i.main) refers to main.o(i.SystemClock_Config) for SystemClock_Config
    main.o(i.main) refers to stm32f4_discovery.o(i.BSP_PB_Init) for BSP_PB_Init
    main.o(i.main) refers to main.o(i.Toggle_Leds) for Toggle_Leds
    main.o(i.main) refers to stm32f4_discovery.o(i.BSP_LED_Off) for BSP_LED_Off
    main.o(i.main) refers to mems.o(i.ACCELERO_MEMS_Test) for ACCELERO_MEMS_Test
    main.o(i.main) refers to main.o(.data) for .data
    audio_record.o(i.AudioRecord_Test) refers to stm32f4_discovery_audio.o(i.BSP_AUDIO_IN_Init) for BSP_AUDIO_IN_Init
    audio_record.o(i.AudioRecord_Test) refers to main.o(i.Error_Handler) for Error_Handler
    audio_record.o(i.AudioRecord_Test) refers to stm32f4_discovery.o(i.BSP_LED_On) for BSP_LED_On
    audio_record.o(i.AudioRecord_Test) refers to stm32f4_discovery_audio.o(i.BSP_AUDIO_IN_Record) for BSP_AUDIO_IN_Record
    audio_record.o(i.AudioRecord_Test) refers to stm32f4_discovery_audio.o(i.BSP_AUDIO_IN_Stop) for BSP_AUDIO_IN_Stop
    audio_record.o(i.AudioRecord_Test) refers to stm32f4_discovery.o(i.BSP_LED_Off) for BSP_LED_Off
    audio_record.o(i.AudioRecord_Test) refers to stm32f4_discovery_audio.o(i.BSP_AUDIO_OUT_Init) for BSP_AUDIO_OUT_Init
    audio_record.o(i.AudioRecord_Test) refers to stm32f4_discovery_audio.o(i.BSP_AUDIO_OUT_Play) for BSP_AUDIO_OUT_Play
    audio_record.o(i.AudioRecord_Test) refers to stm32f4_discovery_audio.o(i.BSP_AUDIO_OUT_Stop) for BSP_AUDIO_OUT_Stop
    audio_record.o(i.AudioRecord_Test) refers to stm32f4_discovery_audio.o(i.BSP_AUDIO_IN_PDMToPCM) for BSP_AUDIO_IN_PDMToPCM
    audio_record.o(i.AudioRecord_Test) refers to memcpya.o(.text) for __aeabi_memcpy
    audio_record.o(i.AudioRecord_Test) refers to audio_record.o(.data) for .data
    audio_record.o(i.AudioRecord_Test) refers to audio_record.o(.bss) for .bss
    audio_record.o(i.AudioRecord_Test) refers to audio_play.o(.data) for AudioTest
    audio_record.o(i.AudioRecord_Test) refers to main.o(.data) for UserPressButton
    audio_record.o(i.BSP_AUDIO_IN_Error_Callback) refers to main.o(i.Error_Handler) for Error_Handler
    audio_record.o(i.BSP_AUDIO_IN_HalfTransfer_CallBack) refers to audio_record.o(.data) for .data
    audio_record.o(i.BSP_AUDIO_IN_TransferComplete_CallBack) refers to audio_record.o(.data) for .data
    mems.o(i.ACCELERO_MEMS_Test) refers to stm32f4_discovery_accelerometer.o(i.BSP_ACCELERO_Init) for BSP_ACCELERO_Init
    mems.o(i.ACCELERO_MEMS_Test) refers to main.o(i.Error_Handler) for Error_Handler
    mems.o(i.ACCELERO_MEMS_Test) refers to mems.o(i.ACCELERO_ReadAcc) for ACCELERO_ReadAcc
    mems.o(i.ACCELERO_MEMS_Test) refers to main.o(.data) for UserPressButton
    mems.o(i.ACCELERO_ReadAcc) refers to stm32f4_discovery_accelerometer.o(i.BSP_ACCELERO_GetXYZ) for BSP_ACCELERO_GetXYZ
    mems.o(i.ACCELERO_ReadAcc) refers to stm32f4_discovery.o(i.BSP_LED_On) for BSP_LED_On
    mems.o(i.ACCELERO_ReadAcc) refers to stm32f4xx_hal.o(i.HAL_Delay) for HAL_Delay
    mems.o(i.ACCELERO_ReadAcc) refers to stm32f4_discovery.o(i.BSP_LED_Off) for BSP_LED_Off
    mems.o(i.ACCELERO_ReadAcc) refers to mems.o(.data) for .data
    stm32f4xx_it.o(i.DMA1_Stream3_IRQHandler) refers to stm32f4xx_hal_dma.o(i.HAL_DMA_IRQHandler) for HAL_DMA_IRQHandler
    stm32f4xx_it.o(i.DMA1_Stream3_IRQHandler) refers to stm32f4_discovery_audio.o(.bss) for hAudioInI2s
    stm32f4xx_it.o(i.DMA1_Stream7_IRQHandler) refers to stm32f4xx_hal_dma.o(i.HAL_DMA_IRQHandler) for HAL_DMA_IRQHandler
    stm32f4xx_it.o(i.DMA1_Stream7_IRQHandler) refers to stm32f4_discovery_audio.o(.bss) for hAudioOutI2s
    stm32f4xx_it.o(i.EXTI0_IRQHandler) refers to stm32f4xx_hal_gpio.o(i.HAL_GPIO_EXTI_IRQHandler) for HAL_GPIO_EXTI_IRQHandler
    stm32f4xx_it.o(i.EXTI1_IRQHandler) refers to stm32f4xx_hal_gpio.o(i.HAL_GPIO_EXTI_IRQHandler) for HAL_GPIO_EXTI_IRQHandler
    stm32f4xx_it.o(i.SysTick_Handler) refers to stm32f4xx_hal.o(i.HAL_IncTick) for HAL_IncTick
    lis302dl.o(i.LIS302DL_Click_IntClear) refers to stm32f4_discovery.o(i.ACCELERO_IO_Read) for ACCELERO_IO_Read
    lis302dl.o(i.LIS302DL_Click_IntConfig) refers to stm32f4_discovery.o(i.ACCELERO_IO_ITConfig) for ACCELERO_IO_ITConfig
    lis302dl.o(i.LIS302DL_Click_IntConfig) refers to lis302dl.o(i.LIS302DL_InterruptConfig) for LIS302DL_InterruptConfig
    lis302dl.o(i.LIS302DL_Click_IntConfig) refers to stm32f4_discovery.o(i.ACCELERO_IO_Write) for ACCELERO_IO_Write
    lis302dl.o(i.LIS302DL_DataRateCmd) refers to stm32f4_discovery.o(i.ACCELERO_IO_Read) for ACCELERO_IO_Read
    lis302dl.o(i.LIS302DL_DataRateCmd) refers to stm32f4_discovery.o(i.ACCELERO_IO_Write) for ACCELERO_IO_Write
    lis302dl.o(i.LIS302DL_FilterConfig) refers to stm32f4_discovery.o(i.ACCELERO_IO_Read) for ACCELERO_IO_Read
    lis302dl.o(i.LIS302DL_FilterConfig) refers to stm32f4_discovery.o(i.ACCELERO_IO_Write) for ACCELERO_IO_Write
    lis302dl.o(i.LIS302DL_FullScaleCmd) refers to stm32f4_discovery.o(i.ACCELERO_IO_Read) for ACCELERO_IO_Read
    lis302dl.o(i.LIS302DL_FullScaleCmd) refers to stm32f4_discovery.o(i.ACCELERO_IO_Write) for ACCELERO_IO_Write
    lis302dl.o(i.LIS302DL_Init) refers to stm32f4_discovery.o(i.ACCELERO_IO_Init) for ACCELERO_IO_Init
    lis302dl.o(i.LIS302DL_Init) refers to stm32f4_discovery.o(i.ACCELERO_IO_Write) for ACCELERO_IO_Write
    lis302dl.o(i.LIS302DL_InterruptConfig) refers to stm32f4_discovery.o(i.ACCELERO_IO_Read) for ACCELERO_IO_Read
    lis302dl.o(i.LIS302DL_InterruptConfig) refers to stm32f4_discovery.o(i.ACCELERO_IO_Write) for ACCELERO_IO_Write
    lis302dl.o(i.LIS302DL_LowpowerCmd) refers to stm32f4_discovery.o(i.ACCELERO_IO_Read) for ACCELERO_IO_Read
    lis302dl.o(i.LIS302DL_LowpowerCmd) refers to stm32f4_discovery.o(i.ACCELERO_IO_Write) for ACCELERO_IO_Write
    lis302dl.o(i.LIS302DL_ReadACC) refers to stm32f4_discovery.o(i.ACCELERO_IO_Read) for ACCELERO_IO_Read
    lis302dl.o(i.LIS302DL_ReadID) refers to stm32f4_discovery.o(i.ACCELERO_IO_Init) for ACCELERO_IO_Init
    lis302dl.o(i.LIS302DL_ReadID) refers to stm32f4_discovery.o(i.ACCELERO_IO_Read) for ACCELERO_IO_Read
    lis302dl.o(i.LIS302DL_RebootCmd) refers to stm32f4_discovery.o(i.ACCELERO_IO_Read) for ACCELERO_IO_Read
    lis302dl.o(i.LIS302DL_RebootCmd) refers to stm32f4_discovery.o(i.ACCELERO_IO_Write) for ACCELERO_IO_Write
    lis302dl.o(.data) refers to lis302dl.o(i.LIS302DL_Init) for LIS302DL_Init
    lis302dl.o(.data) refers to lis302dl.o(i.LIS302DL_DeInit) for LIS302DL_DeInit
    lis302dl.o(.data) refers to lis302dl.o(i.LIS302DL_ReadID) for LIS302DL_ReadID
    lis302dl.o(.data) refers to lis302dl.o(i.LIS302DL_RebootCmd) for LIS302DL_RebootCmd
    lis302dl.o(.data) refers to lis302dl.o(i.LIS302DL_Click_IntConfig) for LIS302DL_Click_IntConfig
    lis302dl.o(.data) refers to lis302dl.o(i.LIS302DL_Click_IntClear) for LIS302DL_Click_IntClear
    lis302dl.o(.data) refers to lis302dl.o(i.LIS302DL_FilterConfig) for LIS302DL_FilterConfig
    lis302dl.o(.data) refers to lis302dl.o(i.LIS302DL_ReadACC) for LIS302DL_ReadACC
    lis3dsh.o(i.LIS3DSH_Click_IntConfig) refers to stm32f4_discovery.o(i.ACCELERO_IO_ITConfig) for ACCELERO_IO_ITConfig
    lis3dsh.o(i.LIS3DSH_Click_IntConfig) refers to lis3dsh.o(i.LIS3DSH_InterruptConfig) for LIS3DSH_InterruptConfig
    lis3dsh.o(i.LIS3DSH_Click_IntConfig) refers to stm32f4_discovery.o(i.ACCELERO_IO_Write) for ACCELERO_IO_Write
    lis3dsh.o(i.LIS3DSH_DataRateCmd) refers to stm32f4_discovery.o(i.ACCELERO_IO_Read) for ACCELERO_IO_Read
    lis3dsh.o(i.LIS3DSH_DataRateCmd) refers to stm32f4_discovery.o(i.ACCELERO_IO_Write) for ACCELERO_IO_Write
    lis3dsh.o(i.LIS3DSH_FullScaleCmd) refers to stm32f4_discovery.o(i.ACCELERO_IO_Read) for ACCELERO_IO_Read
    lis3dsh.o(i.LIS3DSH_FullScaleCmd) refers to stm32f4_discovery.o(i.ACCELERO_IO_Write) for ACCELERO_IO_Write
    lis3dsh.o(i.LIS3DSH_Init) refers to stm32f4_discovery.o(i.ACCELERO_IO_Init) for ACCELERO_IO_Init
    lis3dsh.o(i.LIS3DSH_Init) refers to stm32f4_discovery.o(i.ACCELERO_IO_Write) for ACCELERO_IO_Write
    lis3dsh.o(i.LIS3DSH_InterruptConfig) refers to stm32f4_discovery.o(i.ACCELERO_IO_Write) for ACCELERO_IO_Write
    lis3dsh.o(i.LIS3DSH_ODR_LowpowerCmd) refers to stm32f4_discovery.o(i.ACCELERO_IO_Read) for ACCELERO_IO_Read
    lis3dsh.o(i.LIS3DSH_ODR_LowpowerCmd) refers to stm32f4_discovery.o(i.ACCELERO_IO_Write) for ACCELERO_IO_Write
    lis3dsh.o(i.LIS3DSH_ReadACC) refers to stm32f4_discovery.o(i.ACCELERO_IO_Read) for ACCELERO_IO_Read
    lis3dsh.o(i.LIS3DSH_ReadID) refers to stm32f4_discovery.o(i.ACCELERO_IO_Init) for ACCELERO_IO_Init
    lis3dsh.o(i.LIS3DSH_ReadID) refers to stm32f4_discovery.o(i.ACCELERO_IO_Read) for ACCELERO_IO_Read
    lis3dsh.o(i.LIS3DSH_RebootCmd) refers to stm32f4_discovery.o(i.ACCELERO_IO_Read) for ACCELERO_IO_Read
    lis3dsh.o(i.LIS3DSH_RebootCmd) refers to stm32f4_discovery.o(i.ACCELERO_IO_Write) for ACCELERO_IO_Write
    lis3dsh.o(.data) refers to lis3dsh.o(i.LIS3DSH_Init) for LIS3DSH_Init
    lis3dsh.o(.data) refers to lis3dsh.o(i.LIS3DSH_DeInit) for LIS3DSH_DeInit
    lis3dsh.o(.data) refers to lis3dsh.o(i.LIS3DSH_ReadID) for LIS3DSH_ReadID
    lis3dsh.o(.data) refers to lis3dsh.o(i.LIS3DSH_RebootCmd) for LIS3DSH_RebootCmd
    lis3dsh.o(.data) refers to lis3dsh.o(i.LIS3DSH_Click_IntConfig) for LIS3DSH_Click_IntConfig
    lis3dsh.o(.data) refers to lis3dsh.o(i.LIS3DSH_ReadACC) for LIS3DSH_ReadACC
    cs43l22.o(i.CODEC_IO_Write) refers to stm32f4_discovery.o(i.AUDIO_IO_Write) for AUDIO_IO_Write
    cs43l22.o(i.cs43l22_DeInit) refers to stm32f4_discovery.o(i.AUDIO_IO_DeInit) for AUDIO_IO_DeInit
    cs43l22.o(i.cs43l22_Init) refers to stm32f4_discovery.o(i.AUDIO_IO_Init) for AUDIO_IO_Init
    cs43l22.o(i.cs43l22_Init) refers to cs43l22.o(i.CODEC_IO_Write) for CODEC_IO_Write
    cs43l22.o(i.cs43l22_Init) refers to cs43l22.o(i.cs43l22_SetVolume) for cs43l22_SetVolume
    cs43l22.o(i.cs43l22_Init) refers to cs43l22.o(.data) for .data
    cs43l22.o(i.cs43l22_Pause) refers to cs43l22.o(i.cs43l22_SetMute) for cs43l22_SetMute
    cs43l22.o(i.cs43l22_Pause) refers to cs43l22.o(i.CODEC_IO_Write) for CODEC_IO_Write
    cs43l22.o(i.cs43l22_Play) refers to cs43l22.o(i.CODEC_IO_Write) for CODEC_IO_Write
    cs43l22.o(i.cs43l22_Play) refers to cs43l22.o(i.cs43l22_SetMute) for cs43l22_SetMute
    cs43l22.o(i.cs43l22_Play) refers to cs43l22.o(.data) for .data
    cs43l22.o(i.cs43l22_ReadID) refers to stm32f4_discovery.o(i.AUDIO_IO_Init) for AUDIO_IO_Init
    cs43l22.o(i.cs43l22_ReadID) refers to stm32f4_discovery.o(i.AUDIO_IO_Read) for AUDIO_IO_Read
    cs43l22.o(i.cs43l22_Resume) refers to cs43l22.o(i.cs43l22_SetMute) for cs43l22_SetMute
    cs43l22.o(i.cs43l22_Resume) refers to cs43l22.o(i.CODEC_IO_Write) for CODEC_IO_Write
    cs43l22.o(i.cs43l22_Resume) refers to cs43l22.o(.data) for .data
    cs43l22.o(i.cs43l22_SetMute) refers to cs43l22.o(i.CODEC_IO_Write) for CODEC_IO_Write
    cs43l22.o(i.cs43l22_SetMute) refers to cs43l22.o(.data) for .data
    cs43l22.o(i.cs43l22_SetOutputMode) refers to cs43l22.o(i.CODEC_IO_Write) for CODEC_IO_Write
    cs43l22.o(i.cs43l22_SetOutputMode) refers to cs43l22.o(.data) for .data
    cs43l22.o(i.cs43l22_SetVolume) refers to cs43l22.o(i.CODEC_IO_Write) for CODEC_IO_Write
    cs43l22.o(i.cs43l22_Stop) refers to cs43l22.o(i.cs43l22_SetMute) for cs43l22_SetMute
    cs43l22.o(i.cs43l22_Stop) refers to cs43l22.o(i.CODEC_IO_Write) for CODEC_IO_Write
    cs43l22.o(i.cs43l22_Stop) refers to cs43l22.o(.data) for .data
    cs43l22.o(.data) refers to cs43l22.o(i.cs43l22_Init) for cs43l22_Init
    cs43l22.o(.data) refers to cs43l22.o(i.cs43l22_DeInit) for cs43l22_DeInit
    cs43l22.o(.data) refers to cs43l22.o(i.cs43l22_ReadID) for cs43l22_ReadID
    cs43l22.o(.data) refers to cs43l22.o(i.cs43l22_Play) for cs43l22_Play
    cs43l22.o(.data) refers to cs43l22.o(i.cs43l22_Pause) for cs43l22_Pause
    cs43l22.o(.data) refers to cs43l22.o(i.cs43l22_Resume) for cs43l22_Resume
    cs43l22.o(.data) refers to cs43l22.o(i.cs43l22_Stop) for cs43l22_Stop
    cs43l22.o(.data) refers to cs43l22.o(i.cs43l22_SetFrequency) for cs43l22_SetFrequency
    cs43l22.o(.data) refers to cs43l22.o(i.cs43l22_SetVolume) for cs43l22_SetVolume
    cs43l22.o(.data) refers to cs43l22.o(i.cs43l22_SetMute) for cs43l22_SetMute
    cs43l22.o(.data) refers to cs43l22.o(i.cs43l22_SetOutputMode) for cs43l22_SetOutputMode
    cs43l22.o(.data) refers to cs43l22.o(i.cs43l22_Reset) for cs43l22_Reset
    stm32f4_discovery_audio.o(i.BSP_AUDIO_IN_Init) refers to stm32f4xx_hal_rcc_ex.o(i.HAL_RCCEx_GetPeriphCLKConfig) for HAL_RCCEx_GetPeriphCLKConfig
    stm32f4_discovery_audio.o(i.BSP_AUDIO_IN_Init) refers to stm32f4xx_hal_rcc_ex.o(i.HAL_RCCEx_PeriphCLKConfig) for HAL_RCCEx_PeriphCLKConfig
    stm32f4_discovery_audio.o(i.BSP_AUDIO_IN_Init) refers to stm32f4_discovery_audio.o(i.PDMDecoder_Init) for PDMDecoder_Init
    stm32f4_discovery_audio.o(i.BSP_AUDIO_IN_Init) refers to stm32f4_discovery_audio.o(i.I2S2_Init) for I2S2_Init
    stm32f4_discovery_audio.o(i.BSP_AUDIO_IN_PDMToPCM) refers to pdm_filter.o(.text) for PDM_Filter_64_LSB
    stm32f4_discovery_audio.o(i.BSP_AUDIO_IN_PDMToPCM) refers to stm32f4_discovery_audio.o(.bss) for .bss
    stm32f4_discovery_audio.o(i.BSP_AUDIO_IN_PDMToPCM) refers to stm32f4_discovery_audio.o(.data) for .data
    stm32f4_discovery_audio.o(i.BSP_AUDIO_IN_Pause) refers to stm32f4xx_hal_i2s_ex.o(i.HAL_I2S_DMAPause) for HAL_I2S_DMAPause
    stm32f4_discovery_audio.o(i.BSP_AUDIO_IN_Pause) refers to stm32f4_discovery_audio.o(.bss) for .bss
    stm32f4_discovery_audio.o(i.BSP_AUDIO_IN_Record) refers to stm32f4xx_hal_i2s.o(i.HAL_I2S_Receive_DMA) for HAL_I2S_Receive_DMA
    stm32f4_discovery_audio.o(i.BSP_AUDIO_IN_Record) refers to stm32f4_discovery_audio.o(.bss) for .bss
    stm32f4_discovery_audio.o(i.BSP_AUDIO_IN_Resume) refers to stm32f4xx_hal_i2s_ex.o(i.HAL_I2S_DMAResume) for HAL_I2S_DMAResume
    stm32f4_discovery_audio.o(i.BSP_AUDIO_IN_Resume) refers to stm32f4_discovery_audio.o(.bss) for .bss
    stm32f4_discovery_audio.o(i.BSP_AUDIO_IN_SetVolume) refers to stm32f4_discovery_audio.o(.data) for .data
    stm32f4_discovery_audio.o(i.BSP_AUDIO_IN_Stop) refers to stm32f4xx_hal_i2s_ex.o(i.HAL_I2S_DMAStop) for HAL_I2S_DMAStop
    stm32f4_discovery_audio.o(i.BSP_AUDIO_IN_Stop) refers to stm32f4_discovery_audio.o(.bss) for .bss
    stm32f4_discovery_audio.o(i.BSP_AUDIO_OUT_ChangeBuffer) refers to stm32f4xx_hal_i2s.o(i.HAL_I2S_Transmit_DMA) for HAL_I2S_Transmit_DMA
    stm32f4_discovery_audio.o(i.BSP_AUDIO_OUT_ChangeBuffer) refers to stm32f4_discovery_audio.o(.bss) for .bss
    stm32f4_discovery_audio.o(i.BSP_AUDIO_OUT_Init) refers to stm32f4xx_hal_rcc_ex.o(i.HAL_RCCEx_GetPeriphCLKConfig) for HAL_RCCEx_GetPeriphCLKConfig
    stm32f4_discovery_audio.o(i.BSP_AUDIO_OUT_Init) refers to stm32f4xx_hal_rcc_ex.o(i.HAL_RCCEx_PeriphCLKConfig) for HAL_RCCEx_PeriphCLKConfig
    stm32f4_discovery_audio.o(i.BSP_AUDIO_OUT_Init) refers to stm32f4_discovery_audio.o(i.I2S3_Init) for I2S3_Init
    stm32f4_discovery_audio.o(i.BSP_AUDIO_OUT_Init) refers to stm32f4_discovery_audio.o(.constdata) for .constdata
    stm32f4_discovery_audio.o(i.BSP_AUDIO_OUT_Init) refers to cs43l22.o(.data) for cs43l22_drv
    stm32f4_discovery_audio.o(i.BSP_AUDIO_OUT_Init) refers to stm32f4_discovery_audio.o(.data) for .data
    stm32f4_discovery_audio.o(i.BSP_AUDIO_OUT_Pause) refers to stm32f4xx_hal_i2s_ex.o(i.HAL_I2S_DMAPause) for HAL_I2S_DMAPause
    stm32f4_discovery_audio.o(i.BSP_AUDIO_OUT_Pause) refers to stm32f4_discovery_audio.o(.data) for .data
    stm32f4_discovery_audio.o(i.BSP_AUDIO_OUT_Pause) refers to stm32f4_discovery_audio.o(.bss) for .bss
    stm32f4_discovery_audio.o(i.BSP_AUDIO_OUT_Play) refers to stm32f4xx_hal_i2s.o(i.HAL_I2S_Transmit_DMA) for HAL_I2S_Transmit_DMA
    stm32f4_discovery_audio.o(i.BSP_AUDIO_OUT_Play) refers to stm32f4_discovery_audio.o(.data) for .data
    stm32f4_discovery_audio.o(i.BSP_AUDIO_OUT_Play) refers to stm32f4_discovery_audio.o(.bss) for .bss
    stm32f4_discovery_audio.o(i.BSP_AUDIO_OUT_Resume) refers to stm32f4xx_hal_i2s_ex.o(i.HAL_I2S_DMAResume) for HAL_I2S_DMAResume
    stm32f4_discovery_audio.o(i.BSP_AUDIO_OUT_Resume) refers to stm32f4_discovery_audio.o(.data) for .data
    stm32f4_discovery_audio.o(i.BSP_AUDIO_OUT_Resume) refers to stm32f4_discovery_audio.o(.bss) for .bss
    stm32f4_discovery_audio.o(i.BSP_AUDIO_OUT_SetFrequency) refers to stm32f4xx_hal_rcc_ex.o(i.HAL_RCCEx_GetPeriphCLKConfig) for HAL_RCCEx_GetPeriphCLKConfig
    stm32f4_discovery_audio.o(i.BSP_AUDIO_OUT_SetFrequency) refers to stm32f4xx_hal_rcc_ex.o(i.HAL_RCCEx_PeriphCLKConfig) for HAL_RCCEx_PeriphCLKConfig
    stm32f4_discovery_audio.o(i.BSP_AUDIO_OUT_SetFrequency) refers to stm32f4_discovery_audio.o(i.I2S3_Init) for I2S3_Init
    stm32f4_discovery_audio.o(i.BSP_AUDIO_OUT_SetMute) refers to stm32f4_discovery_audio.o(.data) for .data
    stm32f4_discovery_audio.o(i.BSP_AUDIO_OUT_SetOutputMode) refers to stm32f4_discovery_audio.o(.data) for .data
    stm32f4_discovery_audio.o(i.BSP_AUDIO_OUT_SetVolume) refers to stm32f4_discovery_audio.o(.data) for .data
    stm32f4_discovery_audio.o(i.BSP_AUDIO_OUT_Stop) refers to stm32f4xx_hal_i2s_ex.o(i.HAL_I2S_DMAStop) for HAL_I2S_DMAStop
    stm32f4_discovery_audio.o(i.BSP_AUDIO_OUT_Stop) refers to stm32f4xx_hal.o(i.HAL_Delay) for HAL_Delay
    stm32f4_discovery_audio.o(i.BSP_AUDIO_OUT_Stop) refers to stm32f4xx_hal_gpio.o(i.HAL_GPIO_WritePin) for HAL_GPIO_WritePin
    stm32f4_discovery_audio.o(i.BSP_AUDIO_OUT_Stop) refers to stm32f4_discovery_audio.o(.bss) for .bss
    stm32f4_discovery_audio.o(i.BSP_AUDIO_OUT_Stop) refers to stm32f4_discovery_audio.o(.data) for .data
    stm32f4_discovery_audio.o(i.HAL_I2S_ErrorCallback) refers to audio_play.o(i.BSP_AUDIO_OUT_Error_CallBack) for BSP_AUDIO_OUT_Error_CallBack
    stm32f4_discovery_audio.o(i.HAL_I2S_ErrorCallback) refers to audio_record.o(i.BSP_AUDIO_IN_Error_Callback) for BSP_AUDIO_IN_Error_Callback
    stm32f4_discovery_audio.o(i.HAL_I2S_RxCpltCallback) refers to audio_record.o(i.BSP_AUDIO_IN_TransferComplete_CallBack) for BSP_AUDIO_IN_TransferComplete_CallBack
    stm32f4_discovery_audio.o(i.HAL_I2S_RxHalfCpltCallback) refers to audio_record.o(i.BSP_AUDIO_IN_HalfTransfer_CallBack) for BSP_AUDIO_IN_HalfTransfer_CallBack
    stm32f4_discovery_audio.o(i.HAL_I2S_TxCpltCallback) refers to audio_play.o(i.BSP_AUDIO_OUT_TransferComplete_CallBack) for BSP_AUDIO_OUT_TransferComplete_CallBack
    stm32f4_discovery_audio.o(i.HAL_I2S_TxHalfCpltCallback) refers to stm32f4_discovery_audio.o(i.BSP_AUDIO_OUT_HalfTransfer_CallBack) for BSP_AUDIO_OUT_HalfTransfer_CallBack
    stm32f4_discovery_audio.o(i.I2S2_Init) refers to stm32f4xx_hal_i2s.o(i.HAL_I2S_GetState) for HAL_I2S_GetState
    stm32f4_discovery_audio.o(i.I2S2_Init) refers to stm32f4_discovery_audio.o(i.I2S2_MspInit) for I2S2_MspInit
    stm32f4_discovery_audio.o(i.I2S2_Init) refers to stm32f4xx_hal_i2s_ex.o(i.HAL_I2S_Init) for HAL_I2S_Init
    stm32f4_discovery_audio.o(i.I2S2_Init) refers to stm32f4_discovery_audio.o(.bss) for .bss
    stm32f4_discovery_audio.o(i.I2S2_MspInit) refers to stm32f4xx_hal_gpio.o(i.HAL_GPIO_Init) for HAL_GPIO_Init
    stm32f4_discovery_audio.o(i.I2S2_MspInit) refers to stm32f4xx_hal_dma.o(i.HAL_DMA_DeInit) for HAL_DMA_DeInit
    stm32f4_discovery_audio.o(i.I2S2_MspInit) refers to stm32f4xx_hal_dma.o(i.HAL_DMA_Init) for HAL_DMA_Init
    stm32f4_discovery_audio.o(i.I2S2_MspInit) refers to stm32f4xx_hal_cortex.o(i.HAL_NVIC_SetPriority) for HAL_NVIC_SetPriority
    stm32f4_discovery_audio.o(i.I2S2_MspInit) refers to stm32f4xx_hal_cortex.o(i.HAL_NVIC_EnableIRQ) for HAL_NVIC_EnableIRQ
    stm32f4_discovery_audio.o(i.I2S2_MspInit) refers to stm32f4_discovery_audio.o(.bss) for .bss
    stm32f4_discovery_audio.o(i.I2S3_Init) refers to stm32f4xx_hal_i2s.o(i.HAL_I2S_GetState) for HAL_I2S_GetState
    stm32f4_discovery_audio.o(i.I2S3_Init) refers to stm32f4_discovery_audio.o(i.I2S3_MspInit) for I2S3_MspInit
    stm32f4_discovery_audio.o(i.I2S3_Init) refers to stm32f4xx_hal_i2s_ex.o(i.HAL_I2S_Init) for HAL_I2S_Init
    stm32f4_discovery_audio.o(i.I2S3_Init) refers to stm32f4_discovery_audio.o(.bss) for .bss
    stm32f4_discovery_audio.o(i.I2S3_MspInit) refers to stm32f4xx_hal_gpio.o(i.HAL_GPIO_Init) for HAL_GPIO_Init
    stm32f4_discovery_audio.o(i.I2S3_MspInit) refers to stm32f4xx_hal_dma.o(i.HAL_DMA_DeInit) for HAL_DMA_DeInit
    stm32f4_discovery_audio.o(i.I2S3_MspInit) refers to stm32f4xx_hal_dma.o(i.HAL_DMA_Init) for HAL_DMA_Init
    stm32f4_discovery_audio.o(i.I2S3_MspInit) refers to stm32f4xx_hal_cortex.o(i.HAL_NVIC_SetPriority) for HAL_NVIC_SetPriority
    stm32f4_discovery_audio.o(i.I2S3_MspInit) refers to stm32f4xx_hal_cortex.o(i.HAL_NVIC_EnableIRQ) for HAL_NVIC_EnableIRQ
    stm32f4_discovery_audio.o(i.I2S3_MspInit) refers to stm32f4_discovery_audio.o(.bss) for .bss
    stm32f4_discovery_audio.o(i.PDMDecoder_Init) refers to pdm_filter.o(.text) for PDM_Filter_Init
    stm32f4_discovery_audio.o(i.PDMDecoder_Init) refers to stm32f4_discovery_audio.o(.bss) for .bss
    stm32f4_discovery_accelerometer.o(i.BSP_ACCELERO_Click_ITClear) refers to stm32f4_discovery_accelerometer.o(.data) for .data
    stm32f4_discovery_accelerometer.o(i.BSP_ACCELERO_Click_ITConfig) refers to stm32f4_discovery_accelerometer.o(.data) for .data
    stm32f4_discovery_accelerometer.o(i.BSP_ACCELERO_GetXYZ) refers to stm32f4_discovery_accelerometer.o(.data) for .data
    stm32f4_discovery_accelerometer.o(i.BSP_ACCELERO_GetXYZ) refers to lis302dl.o(.data) for Lis302dlDrv
    stm32f4_discovery_accelerometer.o(i.BSP_ACCELERO_Init) refers to lis302dl.o(.data) for Lis302dlDrv
    stm32f4_discovery_accelerometer.o(i.BSP_ACCELERO_Init) refers to stm32f4_discovery_accelerometer.o(.data) for .data
    stm32f4_discovery_accelerometer.o(i.BSP_ACCELERO_Init) refers to lis3dsh.o(.data) for Lis3dshDrv
    stm32f4_discovery_accelerometer.o(i.BSP_ACCELERO_ReadID) refers to stm32f4_discovery_accelerometer.o(.data) for .data
    stm32f4_discovery_accelerometer.o(i.BSP_ACCELERO_Reset) refers to stm32f4_discovery_accelerometer.o(.data) for .data
    stm32f4_discovery.o(i.ACCELERO_IO_ITConfig) refers to stm32f4xx_hal_gpio.o(i.HAL_GPIO_Init) for HAL_GPIO_Init
    stm32f4_discovery.o(i.ACCELERO_IO_ITConfig) refers to stm32f4xx_hal_cortex.o(i.HAL_NVIC_SetPriority) for HAL_NVIC_SetPriority
    stm32f4_discovery.o(i.ACCELERO_IO_ITConfig) refers to stm32f4xx_hal_cortex.o(i.HAL_NVIC_EnableIRQ) for HAL_NVIC_EnableIRQ
    stm32f4_discovery.o(i.ACCELERO_IO_Init) refers to stm32f4xx_hal_gpio.o(i.HAL_GPIO_Init) for HAL_GPIO_Init
    stm32f4_discovery.o(i.ACCELERO_IO_Init) refers to stm32f4xx_hal_gpio.o(i.HAL_GPIO_WritePin) for HAL_GPIO_WritePin
    stm32f4_discovery.o(i.ACCELERO_IO_Init) refers to stm32f4_discovery.o(i.SPIx_Init) for SPIx_Init
    stm32f4_discovery.o(i.ACCELERO_IO_Read) refers to stm32f4xx_hal_gpio.o(i.HAL_GPIO_WritePin) for HAL_GPIO_WritePin
    stm32f4_discovery.o(i.ACCELERO_IO_Read) refers to stm32f4_discovery.o(i.SPIx_WriteRead) for SPIx_WriteRead
    stm32f4_discovery.o(i.ACCELERO_IO_Write) refers to stm32f4xx_hal_gpio.o(i.HAL_GPIO_WritePin) for HAL_GPIO_WritePin
    stm32f4_discovery.o(i.ACCELERO_IO_Write) refers to stm32f4_discovery.o(i.SPIx_WriteRead) for SPIx_WriteRead
    stm32f4_discovery.o(i.AUDIO_IO_Init) refers to stm32f4xx_hal_gpio.o(i.HAL_GPIO_Init) for HAL_GPIO_Init
    stm32f4_discovery.o(i.AUDIO_IO_Init) refers to stm32f4_discovery.o(i.I2Cx_Init) for I2Cx_Init
    stm32f4_discovery.o(i.AUDIO_IO_Init) refers to stm32f4xx_hal_gpio.o(i.HAL_GPIO_WritePin) for HAL_GPIO_WritePin
    stm32f4_discovery.o(i.AUDIO_IO_Init) refers to stm32f4xx_hal.o(i.HAL_Delay) for HAL_Delay
    stm32f4_discovery.o(i.AUDIO_IO_Read) refers to stm32f4xx_hal_i2c.o(i.HAL_I2C_Mem_Read) for HAL_I2C_Mem_Read
    stm32f4_discovery.o(i.AUDIO_IO_Read) refers to stm32f4_discovery.o(i.I2Cx_Error) for I2Cx_Error
    stm32f4_discovery.o(i.AUDIO_IO_Read) refers to stm32f4_discovery.o(.data) for .data
    stm32f4_discovery.o(i.AUDIO_IO_Read) refers to stm32f4_discovery.o(.bss) for .bss
    stm32f4_discovery.o(i.AUDIO_IO_Write) refers to stm32f4xx_hal_i2c.o(i.HAL_I2C_Mem_Write) for HAL_I2C_Mem_Write
    stm32f4_discovery.o(i.AUDIO_IO_Write) refers to stm32f4_discovery.o(i.I2Cx_Error) for I2Cx_Error
    stm32f4_discovery.o(i.AUDIO_IO_Write) refers to stm32f4_discovery.o(.data) for .data
    stm32f4_discovery.o(i.AUDIO_IO_Write) refers to stm32f4_discovery.o(.bss) for .bss
    stm32f4_discovery.o(i.BSP_LED_Init) refers to stm32f4xx_hal_gpio.o(i.HAL_GPIO_Init) for HAL_GPIO_Init
    stm32f4_discovery.o(i.BSP_LED_Init) refers to stm32f4xx_hal_gpio.o(i.HAL_GPIO_WritePin) for HAL_GPIO_WritePin
    stm32f4_discovery.o(i.BSP_LED_Init) refers to stm32f4_discovery.o(.constdata) for .constdata
    stm32f4_discovery.o(i.BSP_LED_Init) refers to stm32f4_discovery.o(.data) for .data
    stm32f4_discovery.o(i.BSP_LED_Off) refers to stm32f4xx_hal_gpio.o(i.HAL_GPIO_WritePin) for HAL_GPIO_WritePin
    stm32f4_discovery.o(i.BSP_LED_Off) refers to stm32f4_discovery.o(.constdata) for .constdata
    stm32f4_discovery.o(i.BSP_LED_Off) refers to stm32f4_discovery.o(.data) for .data
    stm32f4_discovery.o(i.BSP_LED_On) refers to stm32f4xx_hal_gpio.o(i.HAL_GPIO_WritePin) for HAL_GPIO_WritePin
    stm32f4_discovery.o(i.BSP_LED_On) refers to stm32f4_discovery.o(.constdata) for .constdata
    stm32f4_discovery.o(i.BSP_LED_On) refers to stm32f4_discovery.o(.data) for .data
    stm32f4_discovery.o(i.BSP_LED_Toggle) refers to stm32f4xx_hal_gpio.o(i.HAL_GPIO_TogglePin) for HAL_GPIO_TogglePin
    stm32f4_discovery.o(i.BSP_LED_Toggle) refers to stm32f4_discovery.o(.constdata) for .constdata
    stm32f4_discovery.o(i.BSP_LED_Toggle) refers to stm32f4_discovery.o(.data) for .data
    stm32f4_discovery.o(i.BSP_PB_GetState) refers to stm32f4xx_hal_gpio.o(i.HAL_GPIO_ReadPin) for HAL_GPIO_ReadPin
    stm32f4_discovery.o(i.BSP_PB_GetState) refers to stm32f4_discovery.o(.constdata) for .constdata
    stm32f4_discovery.o(i.BSP_PB_GetState) refers to stm32f4_discovery.o(.data) for .data
    stm32f4_discovery.o(i.BSP_PB_Init) refers to stm32f4xx_hal_gpio.o(i.HAL_GPIO_Init) for HAL_GPIO_Init
    stm32f4_discovery.o(i.BSP_PB_Init) refers to stm32f4xx_hal_cortex.o(i.HAL_NVIC_SetPriority) for HAL_NVIC_SetPriority
    stm32f4_discovery.o(i.BSP_PB_Init) refers to stm32f4xx_hal_cortex.o(i.HAL_NVIC_EnableIRQ) for HAL_NVIC_EnableIRQ
    stm32f4_discovery.o(i.BSP_PB_Init) refers to stm32f4_discovery.o(.constdata) for .constdata
    stm32f4_discovery.o(i.BSP_PB_Init) refers to stm32f4_discovery.o(.data) for .data
    stm32f4_discovery.o(i.I2Cx_Error) refers to stm32f4xx_hal_i2c.o(i.HAL_I2C_DeInit) for HAL_I2C_DeInit
    stm32f4_discovery.o(i.I2Cx_Error) refers to stm32f4_discovery.o(i.I2Cx_Init) for I2Cx_Init
    stm32f4_discovery.o(i.I2Cx_Error) refers to stm32f4_discovery.o(.bss) for .bss
    stm32f4_discovery.o(i.I2Cx_Init) refers to stm32f4xx_hal_i2c.o(i.HAL_I2C_GetState) for HAL_I2C_GetState
    stm32f4_discovery.o(i.I2Cx_Init) refers to stm32f4_discovery.o(i.I2Cx_MspInit) for I2Cx_MspInit
    stm32f4_discovery.o(i.I2Cx_Init) refers to stm32f4xx_hal_i2c.o(i.HAL_I2C_Init) for HAL_I2C_Init
    stm32f4_discovery.o(i.I2Cx_Init) refers to stm32f4_discovery.o(.bss) for .bss
    stm32f4_discovery.o(i.I2Cx_MspInit) refers to stm32f4xx_hal_gpio.o(i.HAL_GPIO_Init) for HAL_GPIO_Init
    stm32f4_discovery.o(i.I2Cx_MspInit) refers to stm32f4xx_hal_cortex.o(i.HAL_NVIC_SetPriority) for HAL_NVIC_SetPriority
    stm32f4_discovery.o(i.I2Cx_MspInit) refers to stm32f4xx_hal_cortex.o(i.HAL_NVIC_EnableIRQ) for HAL_NVIC_EnableIRQ
    stm32f4_discovery.o(i.SPIx_Init) refers to stm32f4xx_hal_spi.o(i.HAL_SPI_GetState) for HAL_SPI_GetState
    stm32f4_discovery.o(i.SPIx_Init) refers to stm32f4xx_hal_gpio.o(i.HAL_GPIO_Init) for HAL_GPIO_Init
    stm32f4_discovery.o(i.SPIx_Init) refers to stm32f4xx_hal_spi.o(i.HAL_SPI_Init) for HAL_SPI_Init
    stm32f4_discovery.o(i.SPIx_Init) refers to stm32f4_discovery.o(.bss) for .bss
    stm32f4_discovery.o(i.SPIx_WriteRead) refers to stm32f4xx_hal_spi.o(i.HAL_SPI_TransmitReceive) for HAL_SPI_TransmitReceive
    stm32f4_discovery.o(i.SPIx_WriteRead) refers to stm32f4xx_hal_spi.o(i.HAL_SPI_DeInit) for HAL_SPI_DeInit
    stm32f4_discovery.o(i.SPIx_WriteRead) refers to stm32f4_discovery.o(i.SPIx_Init) for SPIx_Init
    stm32f4_discovery.o(i.SPIx_WriteRead) refers to stm32f4_discovery.o(.data) for .data
    stm32f4_discovery.o(i.SPIx_WriteRead) refers to stm32f4_discovery.o(.bss) for .bss
    system_stm32f4xx.o(i.SystemCoreClockUpdate) refers to system_stm32f4xx.o(.data) for .data
    system_stm32f4xx.o(i.SystemCoreClockUpdate) refers to system_stm32f4xx.o(.constdata) for .constdata
    pdm_filter.o(.text) refers to ffltui.o(.text) for __aeabi_ui2f
    pdm_filter.o(.text) refers to cfrcmple.o(.text) for __aeabi_cfrcmple
    pdm_filter.o(.text) refers to dfltui.o(.text) for __aeabi_ui2d
    pdm_filter.o(.text) refers to ddiv.o(.text) for __aeabi_ddiv
    pdm_filter.o(.text) refers to f2d.o(.text) for __aeabi_f2d
    pdm_filter.o(.text) refers to dadd.o(.text) for __aeabi_dadd
    pdm_filter.o(.text) refers to fscalb.o(.text) for __ARM_scalbnf
    pdm_filter.o(.text) refers to dfixui.o(.text) for __aeabi_d2uiz
    pdm_filter.o(.text) refers to dmul.o(.text) for __aeabi_dmul
    pdm_filter.o(.text) refers to d2f.o(.text) for __aeabi_d2f
    pdm_filter.o(.text) refers to cos.o(i.cos) for cos
    pdm_filter.o(.text) refers to dscalb.o(.text) for __ARM_scalbn
    pdm_filter.o(.text) refers to fmul.o(.text) for __aeabi_fmul
    pdm_filter.o(.text) refers to sqrt.o(i.sqrt) for sqrt
    pdm_filter.o(.text) refers to pdm_filter.o(.data) for .data
    cos.o(i.__hardfp_cos) refers (Special) to iusefp.o(.text) for __I$use$fp
    cos.o(i.__hardfp_cos) refers to errno.o(i.__set_errno) for __set_errno
    cos.o(i.__hardfp_cos) refers to dunder.o(i.__mathlib_dbl_invalid) for __mathlib_dbl_invalid
    cos.o(i.__hardfp_cos) refers to dunder.o(i.__mathlib_dbl_infnan) for __mathlib_dbl_infnan
    cos.o(i.__hardfp_cos) refers to rred.o(i.__ieee754_rem_pio2) for __ieee754_rem_pio2
    cos.o(i.__hardfp_cos) refers to sin_i.o(i.__kernel_sin) for __kernel_sin
    cos.o(i.__hardfp_cos) refers to cos_i.o(i.__kernel_cos) for __kernel_cos
    cos.o(i.__softfp_cos) refers (Special) to iusefp.o(.text) for __I$use$fp
    cos.o(i.__softfp_cos) refers to cos.o(i.__hardfp_cos) for __hardfp_cos
    cos.o(i.cos) refers (Special) to iusefp.o(.text) for __I$use$fp
    cos.o(i.cos) refers to cos.o(i.__hardfp_cos) for __hardfp_cos
    cos_x.o(i.____hardfp_cos$lsc) refers (Special) to iusefp.o(.text) for __I$use$fp
    cos_x.o(i.____hardfp_cos$lsc) refers to errno.o(i.__set_errno) for __set_errno
    cos_x.o(i.____hardfp_cos$lsc) refers to dunder.o(i.__mathlib_dbl_infnan) for __mathlib_dbl_infnan
    cos_x.o(i.____hardfp_cos$lsc) refers to rred.o(i.__ieee754_rem_pio2) for __ieee754_rem_pio2
    cos_x.o(i.____hardfp_cos$lsc) refers to sin_i.o(i.__kernel_sin) for __kernel_sin
    cos_x.o(i.____hardfp_cos$lsc) refers to cos_i.o(i.__kernel_cos) for __kernel_cos
    cos_x.o(i.____softfp_cos$lsc) refers (Special) to iusefp.o(.text) for __I$use$fp
    cos_x.o(i.____softfp_cos$lsc) refers to cos_x.o(i.____hardfp_cos$lsc) for ____hardfp_cos$lsc
    cos_x.o(i.__cos$lsc) refers (Special) to iusefp.o(.text) for __I$use$fp
    cos_x.o(i.__cos$lsc) refers to cos_x.o(i.____hardfp_cos$lsc) for ____hardfp_cos$lsc
    sqrt.o(i.__hardfp_sqrt) refers (Special) to iusefp.o(.text) for __I$use$fp
    sqrt.o(i.__hardfp_sqrt) refers to dsqrt.o(.text) for _dsqrt
    sqrt.o(i.__hardfp_sqrt) refers to errno.o(i.__set_errno) for __set_errno
    sqrt.o(i.__softfp_sqrt) refers (Special) to iusefp.o(.text) for __I$use$fp
    sqrt.o(i.__softfp_sqrt) refers to dsqrt.o(.text) for _dsqrt
    sqrt.o(i.__softfp_sqrt) refers to errno.o(i.__set_errno) for __set_errno
    sqrt.o(i.sqrt) refers (Special) to iusefp.o(.text) for __I$use$fp
    sqrt.o(i.sqrt) refers to dsqrt.o(.text) for _dsqrt
    sqrt.o(i.sqrt) refers to errno.o(i.__set_errno) for __set_errno
    sqrt_x.o(i.____hardfp_sqrt$lsc) refers (Special) to iusefp.o(.text) for __I$use$fp
    sqrt_x.o(i.____hardfp_sqrt$lsc) refers to cdcmple.o(.text) for __aeabi_cdcmple
    sqrt_x.o(i.____hardfp_sqrt$lsc) refers to errno.o(i.__set_errno) for __set_errno
    sqrt_x.o(i.____hardfp_sqrt$lsc) refers to dsqrt.o(.text) for _dsqrt
    sqrt_x.o(i.____softfp_sqrt$lsc) refers (Special) to iusefp.o(.text) for __I$use$fp
    sqrt_x.o(i.____softfp_sqrt$lsc) refers to cdcmple.o(.text) for __aeabi_cdcmple
    sqrt_x.o(i.____softfp_sqrt$lsc) refers to errno.o(i.__set_errno) for __set_errno
    sqrt_x.o(i.____softfp_sqrt$lsc) refers to dsqrt.o(.text) for _dsqrt
    sqrt_x.o(i.__sqrt$lsc) refers (Special) to iusefp.o(.text) for __I$use$fp
    sqrt_x.o(i.__sqrt$lsc) refers to cdcmple.o(.text) for __aeabi_cdcmple
    sqrt_x.o(i.__sqrt$lsc) refers to errno.o(i.__set_errno) for __set_errno
    sqrt_x.o(i.__sqrt$lsc) refers to dsqrt.o(.text) for _dsqrt
    entry.o(.ARM.Collect$$$$00000000) refers (Special) to entry10a.o(.ARM.Collect$$$$0000000D) for __rt_final_cpp
    entry.o(.ARM.Collect$$$$00000000) refers (Special) to entry11a.o(.ARM.Collect$$$$0000000F) for __rt_final_exit
    entry.o(.ARM.Collect$$$$00000000) refers (Special) to entry7b.o(.ARM.Collect$$$$00000008) for _main_clock
    entry.o(.ARM.Collect$$$$00000000) refers (Special) to entry8b.o(.ARM.Collect$$$$0000000A) for _main_cpp_init
    entry.o(.ARM.Collect$$$$00000000) refers (Special) to entry9a.o(.ARM.Collect$$$$0000000B) for _main_init
    entry.o(.ARM.Collect$$$$00000000) refers (Special) to entry5.o(.ARM.Collect$$$$00000004) for _main_scatterload
    entry.o(.ARM.Collect$$$$00000000) refers (Special) to entry2.o(.ARM.Collect$$$$00000001) for _main_stk
    fmul.o(.text) refers (Special) to iusefp.o(.text) for __I$use$fp
    fscalb.o(.text) refers (Special) to iusefp.o(.text) for __I$use$fp
    dadd.o(.text) refers (Special) to iusefp.o(.text) for __I$use$fp
    dadd.o(.text) refers to llshl.o(.text) for __aeabi_llsl
    dadd.o(.text) refers to llsshr.o(.text) for __aeabi_lasr
    dadd.o(.text) refers to depilogue.o(.text) for _double_epilogue
    dmul.o(.text) refers (Special) to iusefp.o(.text) for __I$use$fp
    dmul.o(.text) refers to depilogue.o(.text) for _double_epilogue
    ddiv.o(.text) refers (Special) to iusefp.o(.text) for __I$use$fp
    ddiv.o(.text) refers to depilogue.o(.text) for _double_round
    dscalb.o(.text) refers (Special) to iusefp.o(.text) for __I$use$fp
    ffltui.o(.text) refers (Special) to iusefp.o(.text) for __I$use$fp
    ffltui.o(.text) refers to fepilogue.o(.text) for _float_epilogue
    dfltui.o(.text) refers (Special) to iusefp.o(.text) for __I$use$fp
    dfltui.o(.text) refers to depilogue.o(.text) for _double_epilogue
    dfixui.o(.text) refers (Special) to iusefp.o(.text) for __I$use$fp
    dfixui.o(.text) refers to llushr.o(.text) for __aeabi_llsr
    f2d.o(.text) refers (Special) to iusefp.o(.text) for __I$use$fp
    d2f.o(.text) refers (Special) to iusefp.o(.text) for __I$use$fp
    d2f.o(.text) refers to fepilogue.o(.text) for _float_round
    cfrcmple.o(.text) refers (Special) to iusefp.o(.text) for __I$use$fp
    cos_i.o(i.__kernel_cos) refers (Special) to iusefp.o(.text) for __I$use$fp
    cos_i.o(i.__kernel_cos) refers to dfixi.o(.text) for __aeabi_d2iz
    cos_i.o(i.__kernel_cos) refers to dmul.o(.text) for __aeabi_dmul
    cos_i.o(i.__kernel_cos) refers to poly.o(i.__kernel_poly) for __kernel_poly
    cos_i.o(i.__kernel_cos) refers to dadd.o(.text) for __aeabi_dsub
    cos_i.o(i.__kernel_cos) refers to cos_i.o(.constdata) for .constdata
    cos_i.o(.constdata) refers (Special) to iusefp.o(.text) for __I$use$fp
    dunder.o(i.__mathlib_dbl_divzero) refers to ddiv.o(.text) for __aeabi_ddiv
    dunder.o(i.__mathlib_dbl_infnan) refers to dadd.o(.text) for __aeabi_dadd
    dunder.o(i.__mathlib_dbl_infnan2) refers to dadd.o(.text) for __aeabi_dadd
    dunder.o(i.__mathlib_dbl_invalid) refers to ddiv.o(.text) for __aeabi_ddiv
    dunder.o(i.__mathlib_dbl_overflow) refers to dmul.o(.text) for __aeabi_dmul
    dunder.o(i.__mathlib_dbl_posinfnan) refers to dmul.o(.text) for __aeabi_dmul
    dunder.o(i.__mathlib_dbl_underflow) refers to dmul.o(.text) for __aeabi_dmul
    rred.o(i.__ieee754_rem_pio2) refers (Special) to iusefp.o(.text) for __I$use$fp
    rred.o(i.__ieee754_rem_pio2) refers to dadd.o(.text) for __aeabi_dsub
    rred.o(i.__ieee754_rem_pio2) refers to fabs.o(i.fabs) for fabs
    rred.o(i.__ieee754_rem_pio2) refers to dmul.o(.text) for __aeabi_dmul
    rred.o(i.__ieee754_rem_pio2) refers to dfixi.o(.text) for __aeabi_d2iz
    rred.o(i.__ieee754_rem_pio2) refers to dflti.o(.text) for __aeabi_i2d
    rred.o(i.__ieee754_rem_pio2) refers to dfltui.o(.text) for __aeabi_ui2d
    rred.o(i.__ieee754_rem_pio2) refers to rred.o(.constdata) for .constdata
    rred.o(i.__use_accurate_range_reduction) refers (Special) to iusefp.o(.text) for __I$use$fp
    rred.o(.constdata) refers (Special) to iusefp.o(.text) for __I$use$fp
    sin_i.o(i.__kernel_sin) refers (Special) to iusefp.o(.text) for __I$use$fp
    sin_i.o(i.__kernel_sin) refers to fpclassify.o(i.__ARM_fpclassify) for __ARM_fpclassify
    sin_i.o(i.__kernel_sin) refers to dunder.o(i.__mathlib_dbl_underflow) for __mathlib_dbl_underflow
    sin_i.o(i.__kernel_sin) refers to dmul.o(.text) for __aeabi_dmul
    sin_i.o(i.__kernel_sin) refers to poly.o(i.__kernel_poly) for __kernel_poly
    sin_i.o(i.__kernel_sin) refers to dadd.o(.text) for __aeabi_dsub
    sin_i.o(i.__kernel_sin) refers to sin_i.o(.constdata) for .constdata
    sin_i.o(.constdata) refers (Special) to iusefp.o(.text) for __I$use$fp
    sin_i_x.o(i.____kernel_sin$lsc) refers (Special) to iusefp.o(.text) for __I$use$fp
    sin_i_x.o(i.____kernel_sin$lsc) refers to dmul.o(.text) for __aeabi_dmul
    sin_i_x.o(i.____kernel_sin$lsc) refers to poly.o(i.__kernel_poly) for __kernel_poly
    sin_i_x.o(i.____kernel_sin$lsc) refers to dadd.o(.text) for __aeabi_dsub
    sin_i_x.o(i.____kernel_sin$lsc) refers to sin_i_x.o(.constdata) for .constdata
    sin_i_x.o(.constdata) refers (Special) to iusefp.o(.text) for __I$use$fp
    entry2.o(.ARM.Collect$$$$00000001) refers to entry2.o(.ARM.Collect$$$$00002712) for __lit__00000000
    entry2.o(.ARM.Collect$$$$00002712) refers to startup_stm32f407xx.o(STACK) for __initial_sp
    entry2.o(__vectab_stack_and_reset_area) refers to startup_stm32f407xx.o(STACK) for __initial_sp
    entry2.o(__vectab_stack_and_reset_area) refers to entry.o(.ARM.Collect$$$$00000000) for __main
    entry5.o(.ARM.Collect$$$$00000004) refers to init.o(.text) for __scatterload
    entry9a.o(.ARM.Collect$$$$0000000B) refers to main.o(i.main) for main
    entry9b.o(.ARM.Collect$$$$0000000C) refers to main.o(i.main) for main
    errno.o(i.__aeabi_errno_addr) refers to errno.o(.data) for .data
    errno.o(i.__read_errno) refers to errno.o(.data) for .data
    errno.o(i.__set_errno) refers to errno.o(.data) for .data
    depilogue.o(.text) refers to llshl.o(.text) for __aeabi_llsl
    depilogue.o(.text) refers to llushr.o(.text) for __aeabi_llsr
    dsqrt.o(.text) refers to llushr.o(.text) for __aeabi_llsr
    dsqrt.o(.text) refers to depilogue.o(.text) for _double_round
    fabs.o(i.__hardfp_fabs) refers (Special) to iusefp.o(.text) for __I$use$fp
    fabs.o(i.__softfp_fabs) refers (Special) to iusefp.o(.text) for __I$use$fp
    fabs.o(i.fabs) refers (Special) to iusefp.o(.text) for __I$use$fp
    fpclassify.o(i.__ARM_fpclassify) refers (Special) to iusefp.o(.text) for __I$use$fp
    poly.o(i.__kernel_poly) refers (Special) to iusefp.o(.text) for __I$use$fp
    poly.o(i.__kernel_poly) refers to dmul.o(.text) for __aeabi_dmul
    poly.o(i.__kernel_poly) refers to dadd.o(.text) for __aeabi_dadd
    init.o(.text) refers to entry5.o(.ARM.Collect$$$$00000004) for __main_after_scatterload
    dflti.o(.text) refers to depilogue.o(.text) for _double_epilogue
    dfixi.o(.text) refers to llushr.o(.text) for __aeabi_llsr


==============================================================================

Removing Unused input sections from the image.

    Removing startup_stm32f407xx.o(HEAP), (512 bytes).
    Removing stm32f4xx_hal_i2s_ex.o(.rev16_text), (4 bytes).
    Removing stm32f4xx_hal_i2s_ex.o(.revsh_text), (4 bytes).
    Removing stm32f4xx_hal_i2s_ex.o(.rrx_text), (6 bytes).
    Removing stm32f4xx_hal_i2s_ex.o(i.HAL_I2SEx_TransmitReceive), (488 bytes).
    Removing stm32f4xx_hal_i2s_ex.o(i.HAL_I2SEx_TransmitReceive_DMA), (460 bytes).
    Removing stm32f4xx_hal_i2s_ex.o(i.HAL_I2SEx_TransmitReceive_IT), (372 bytes).
    Removing stm32f4xx_hal_i2s_ex.o(i.HAL_I2S_DMAPause), (172 bytes).
    Removing stm32f4xx_hal_i2s_ex.o(i.HAL_I2S_DMAResume), (188 bytes).
    Removing stm32f4xx_hal_i2s_ex.o(i.HAL_I2S_DMAStop), (200 bytes).
    Removing stm32f4xx_hal_i2s_ex.o(i.HAL_I2S_IRQHandler), (504 bytes).
    Removing stm32f4xx_hal_i2s_ex.o(i.HAL_I2S_Init), (356 bytes).
    Removing stm32f4xx_hal_i2s_ex.o(i.I2SEx_TransmitReceive_IT), (392 bytes).
    Removing stm32f4xx_hal_i2s_ex.o(i.I2S_DMARxCplt), (120 bytes).
    Removing stm32f4xx_hal_i2s_ex.o(i.I2S_DMATxCplt), (120 bytes).
    Removing stm32f4xx_hal_i2s_ex.o(i.I2S_GetInputClock), (76 bytes).
    Removing stm32f4xx_hal_pwr.o(.rev16_text), (4 bytes).
    Removing stm32f4xx_hal_pwr.o(.revsh_text), (4 bytes).
    Removing stm32f4xx_hal_pwr.o(.rrx_text), (6 bytes).
    Removing stm32f4xx_hal_pwr.o(i.HAL_PWR_ConfigPVD), (124 bytes).
    Removing stm32f4xx_hal_pwr.o(i.HAL_PWR_DeInit), (24 bytes).
    Removing stm32f4xx_hal_pwr.o(i.HAL_PWR_DisableBkUpAccess), (28 bytes).
    Removing stm32f4xx_hal_pwr.o(i.HAL_PWR_DisablePVD), (24 bytes).
    Removing stm32f4xx_hal_pwr.o(i.HAL_PWR_DisableSEVOnPend), (16 bytes).
    Removing stm32f4xx_hal_pwr.o(i.HAL_PWR_DisableSleepOnExit), (16 bytes).
    Removing stm32f4xx_hal_pwr.o(i.HAL_PWR_DisableWakeUpPin), (16 bytes).
    Removing stm32f4xx_hal_pwr.o(i.HAL_PWR_EnableBkUpAccess), (24 bytes).
    Removing stm32f4xx_hal_pwr.o(i.HAL_PWR_EnablePVD), (24 bytes).
    Removing stm32f4xx_hal_pwr.o(i.HAL_PWR_EnableSEVOnPend), (16 bytes).
    Removing stm32f4xx_hal_pwr.o(i.HAL_PWR_EnableSleepOnExit), (16 bytes).
    Removing stm32f4xx_hal_pwr.o(i.HAL_PWR_EnableWakeUpPin), (16 bytes).
    Removing stm32f4xx_hal_pwr.o(i.HAL_PWR_EnterSLEEPMode), (32 bytes).
    Removing stm32f4xx_hal_pwr.o(i.HAL_PWR_EnterSTANDBYMode), (32 bytes).
    Removing stm32f4xx_hal_pwr.o(i.HAL_PWR_EnterSTOPMode), (56 bytes).
    Removing stm32f4xx_hal_pwr.o(i.HAL_PWR_PVDCallback), (2 bytes).
    Removing stm32f4xx_hal_pwr.o(i.HAL_PWR_PVD_IRQHandler), (28 bytes).
    Removing stm32f4xx_hal_cortex.o(.rev16_text), (4 bytes).
    Removing stm32f4xx_hal_cortex.o(.revsh_text), (4 bytes).
    Removing stm32f4xx_hal_cortex.o(.rrx_text), (6 bytes).
    Removing stm32f4xx_hal_cortex.o(i.HAL_MPU_ConfigRegion), (84 bytes).
    Removing stm32f4xx_hal_cortex.o(i.HAL_NVIC_ClearPendingIRQ), (26 bytes).
    Removing stm32f4xx_hal_cortex.o(i.HAL_NVIC_DisableIRQ), (34 bytes).
    Removing stm32f4xx_hal_cortex.o(i.HAL_NVIC_GetActive), (36 bytes).
    Removing stm32f4xx_hal_cortex.o(i.HAL_NVIC_GetPendingIRQ), (36 bytes).
    Removing stm32f4xx_hal_cortex.o(i.HAL_NVIC_GetPriority), (82 bytes).
    Removing stm32f4xx_hal_cortex.o(i.HAL_NVIC_GetPriorityGrouping), (16 bytes).
    Removing stm32f4xx_hal_cortex.o(i.HAL_NVIC_SetPendingIRQ), (26 bytes).
    Removing stm32f4xx_hal_cortex.o(i.HAL_NVIC_SystemReset), (36 bytes).
    Removing stm32f4xx_hal_cortex.o(i.HAL_SYSTICK_CLKSourceConfig), (24 bytes).
    Removing stm32f4xx_hal_cortex.o(i.HAL_SYSTICK_Callback), (2 bytes).
    Removing stm32f4xx_hal_cortex.o(i.HAL_SYSTICK_IRQHandler), (8 bytes).
    Removing stm32f4xx_hal_pwr_ex.o(.rev16_text), (4 bytes).
    Removing stm32f4xx_hal_pwr_ex.o(.revsh_text), (4 bytes).
    Removing stm32f4xx_hal_pwr_ex.o(.rrx_text), (6 bytes).
    Removing stm32f4xx_hal_pwr_ex.o(i.HAL_PWREx_ControlVoltageScaling), (88 bytes).
    Removing stm32f4xx_hal_pwr_ex.o(i.HAL_PWREx_DisableBkUpReg), (76 bytes).
    Removing stm32f4xx_hal_pwr_ex.o(i.HAL_PWREx_DisableFlashPowerDown), (28 bytes).
    Removing stm32f4xx_hal_pwr_ex.o(i.HAL_PWREx_EnableBkUpReg), (76 bytes).
    Removing stm32f4xx_hal_pwr_ex.o(i.HAL_PWREx_EnableFlashPowerDown), (24 bytes).
    Removing stm32f4xx_hal_pwr_ex.o(i.HAL_PWREx_GetVoltageRange), (16 bytes).
    Removing stm32f4xx_hal_flash.o(.rev16_text), (4 bytes).
    Removing stm32f4xx_hal_flash.o(.revsh_text), (4 bytes).
    Removing stm32f4xx_hal_flash.o(.rrx_text), (6 bytes).
    Removing stm32f4xx_hal_flash.o(i.FLASH_Program_Byte), (32 bytes).
    Removing stm32f4xx_hal_flash.o(i.FLASH_Program_DoubleWord), (40 bytes).
    Removing stm32f4xx_hal_flash.o(i.FLASH_Program_HalfWord), (36 bytes).
    Removing stm32f4xx_hal_flash.o(i.FLASH_Program_Word), (36 bytes).
    Removing stm32f4xx_hal_flash.o(i.FLASH_SetErrorCode), (124 bytes).
    Removing stm32f4xx_hal_flash.o(i.FLASH_WaitForLastOperation), (80 bytes).
    Removing stm32f4xx_hal_flash.o(i.HAL_FLASH_EndOfOperationCallback), (2 bytes).
    Removing stm32f4xx_hal_flash.o(i.HAL_FLASH_GetError), (12 bytes).
    Removing stm32f4xx_hal_flash.o(i.HAL_FLASH_IRQHandler), (204 bytes).
    Removing stm32f4xx_hal_flash.o(i.HAL_FLASH_Lock), (20 bytes).
    Removing stm32f4xx_hal_flash.o(i.HAL_FLASH_OB_Launch), (24 bytes).
    Removing stm32f4xx_hal_flash.o(i.HAL_FLASH_OB_Lock), (20 bytes).
    Removing stm32f4xx_hal_flash.o(i.HAL_FLASH_OB_Unlock), (40 bytes).
    Removing stm32f4xx_hal_flash.o(i.HAL_FLASH_OperationErrorCallback), (2 bytes).
    Removing stm32f4xx_hal_flash.o(i.HAL_FLASH_Program), (124 bytes).
    Removing stm32f4xx_hal_flash.o(i.HAL_FLASH_Program_IT), (108 bytes).
    Removing stm32f4xx_hal_flash.o(i.HAL_FLASH_Unlock), (40 bytes).
    Removing stm32f4xx_hal_flash.o(.bss), (32 bytes).
    Removing stm32f4xx_hal_i2s.o(.rev16_text), (4 bytes).
    Removing stm32f4xx_hal_i2s.o(.revsh_text), (4 bytes).
    Removing stm32f4xx_hal_i2s.o(.rrx_text), (6 bytes).
    Removing stm32f4xx_hal_i2s.o(i.HAL_I2S_DMAPause), (88 bytes).
    Removing stm32f4xx_hal_i2s.o(i.HAL_I2S_DMAResume), (104 bytes).
    Removing stm32f4xx_hal_i2s.o(i.HAL_I2S_DMAStop), (80 bytes).
    Removing stm32f4xx_hal_i2s.o(i.HAL_I2S_DeInit), (36 bytes).
    Removing stm32f4xx_hal_i2s.o(i.HAL_I2S_ErrorCallback), (2 bytes).
    Removing stm32f4xx_hal_i2s.o(i.HAL_I2S_GetError), (4 bytes).
    Removing stm32f4xx_hal_i2s.o(i.HAL_I2S_GetState), (6 bytes).
    Removing stm32f4xx_hal_i2s.o(i.HAL_I2S_IRQHandler), (150 bytes).
    Removing stm32f4xx_hal_i2s.o(i.HAL_I2S_Init), (202 bytes).
    Removing stm32f4xx_hal_i2s.o(i.HAL_I2S_MspDeInit), (2 bytes).
    Removing stm32f4xx_hal_i2s.o(i.HAL_I2S_MspInit), (2 bytes).
    Removing stm32f4xx_hal_i2s.o(i.HAL_I2S_Receive), (176 bytes).
    Removing stm32f4xx_hal_i2s.o(i.HAL_I2S_Receive_DMA), (192 bytes).
    Removing stm32f4xx_hal_i2s.o(i.HAL_I2S_Receive_IT), (114 bytes).
    Removing stm32f4xx_hal_i2s.o(i.HAL_I2S_RxCpltCallback), (2 bytes).
    Removing stm32f4xx_hal_i2s.o(i.HAL_I2S_RxHalfCpltCallback), (2 bytes).
    Removing stm32f4xx_hal_i2s.o(i.HAL_I2S_Transmit), (192 bytes).
    Removing stm32f4xx_hal_i2s.o(i.HAL_I2S_Transmit_DMA), (168 bytes).
    Removing stm32f4xx_hal_i2s.o(i.HAL_I2S_Transmit_IT), (114 bytes).
    Removing stm32f4xx_hal_i2s.o(i.HAL_I2S_TxCpltCallback), (2 bytes).
    Removing stm32f4xx_hal_i2s.o(i.HAL_I2S_TxHalfCpltCallback), (2 bytes).
    Removing stm32f4xx_hal_i2s.o(i.I2S_DMAError), (30 bytes).
    Removing stm32f4xx_hal_i2s.o(i.I2S_DMARxHalfCplt), (10 bytes).
    Removing stm32f4xx_hal_i2s.o(i.I2S_DMATxHalfCplt), (10 bytes).
    Removing stm32f4xx_hal_i2s.o(i.I2S_Receive_IT), (100 bytes).
    Removing stm32f4xx_hal_i2s.o(i.I2S_Transmit_IT), (84 bytes).
    Removing stm32f4xx_hal_i2s.o(i.I2S_WaitFlagStateUntilTimeout), (106 bytes).
    Removing stm32f4xx_hal_rcc.o(.rev16_text), (4 bytes).
    Removing stm32f4xx_hal_rcc.o(.revsh_text), (4 bytes).
    Removing stm32f4xx_hal_rcc.o(.rrx_text), (6 bytes).
    Removing stm32f4xx_hal_rcc.o(i.HAL_RCC_CSSCallback), (2 bytes).
    Removing stm32f4xx_hal_rcc.o(i.HAL_RCC_DeInit), (2 bytes).
    Removing stm32f4xx_hal_rcc.o(i.HAL_RCC_DisableCSS), (12 bytes).
    Removing stm32f4xx_hal_rcc.o(i.HAL_RCC_EnableCSS), (12 bytes).
    Removing stm32f4xx_hal_rcc.o(i.HAL_RCC_GetClockConfig), (64 bytes).
    Removing stm32f4xx_hal_rcc.o(i.HAL_RCC_GetHCLKFreq), (12 bytes).
    Removing stm32f4xx_hal_rcc.o(i.HAL_RCC_GetOscConfig), (232 bytes).
    Removing stm32f4xx_hal_rcc.o(i.HAL_RCC_GetPCLK1Freq), (48 bytes).
    Removing stm32f4xx_hal_rcc.o(i.HAL_RCC_GetPCLK2Freq), (48 bytes).
    Removing stm32f4xx_hal_rcc.o(i.HAL_RCC_MCOConfig), (140 bytes).
    Removing stm32f4xx_hal_rcc.o(i.HAL_RCC_NMI_IRQHandler), (28 bytes).
    Removing stm32f4xx_hal_i2c_ex.o(.rev16_text), (4 bytes).
    Removing stm32f4xx_hal_i2c_ex.o(.revsh_text), (4 bytes).
    Removing stm32f4xx_hal_i2c_ex.o(.rrx_text), (6 bytes).
    Removing stm32f4xx_hal_dma.o(.rev16_text), (4 bytes).
    Removing stm32f4xx_hal_dma.o(.revsh_text), (4 bytes).
    Removing stm32f4xx_hal_dma.o(.rrx_text), (6 bytes).
    Removing stm32f4xx_hal_dma.o(i.DMA_CalcBaseAndBitshift), (40 bytes).
    Removing stm32f4xx_hal_dma.o(i.DMA_CheckFifoParam), (84 bytes).
    Removing stm32f4xx_hal_dma.o(i.DMA_SetConfig), (40 bytes).
    Removing stm32f4xx_hal_dma.o(i.HAL_DMA_Abort), (142 bytes).
    Removing stm32f4xx_hal_dma.o(i.HAL_DMA_Abort_IT), (36 bytes).
    Removing stm32f4xx_hal_dma.o(i.HAL_DMA_DeInit), (86 bytes).
    Removing stm32f4xx_hal_dma.o(i.HAL_DMA_GetError), (4 bytes).
    Removing stm32f4xx_hal_dma.o(i.HAL_DMA_GetState), (6 bytes).
    Removing stm32f4xx_hal_dma.o(i.HAL_DMA_Init), (208 bytes).
    Removing stm32f4xx_hal_dma.o(i.HAL_DMA_PollForTransfer), (300 bytes).
    Removing stm32f4xx_hal_dma.o(i.HAL_DMA_RegisterCallback), (80 bytes).
    Removing stm32f4xx_hal_dma.o(i.HAL_DMA_Start), (70 bytes).
    Removing stm32f4xx_hal_dma.o(i.HAL_DMA_Start_IT), (120 bytes).
    Removing stm32f4xx_hal_dma.o(i.HAL_DMA_UnRegisterCallback), (96 bytes).
    Removing stm32f4xx_hal_dma.o(.constdata), (8 bytes).
    Removing stm32f4xx_hal_i2c.o(.rev16_text), (4 bytes).
    Removing stm32f4xx_hal_i2c.o(.revsh_text), (4 bytes).
    Removing stm32f4xx_hal_i2c.o(.rrx_text), (6 bytes).
    Removing stm32f4xx_hal_i2c.o(i.HAL_I2C_AbortCpltCallback), (2 bytes).
    Removing stm32f4xx_hal_i2c.o(i.HAL_I2C_AddrCallback), (2 bytes).
    Removing stm32f4xx_hal_i2c.o(i.HAL_I2C_DeInit), (50 bytes).
    Removing stm32f4xx_hal_i2c.o(i.HAL_I2C_DisableListen_IT), (68 bytes).
    Removing stm32f4xx_hal_i2c.o(i.HAL_I2C_ER_IRQHandler), (196 bytes).
    Removing stm32f4xx_hal_i2c.o(i.HAL_I2C_EV_IRQHandler), (496 bytes).
    Removing stm32f4xx_hal_i2c.o(i.HAL_I2C_EnableListen_IT), (58 bytes).
    Removing stm32f4xx_hal_i2c.o(i.HAL_I2C_ErrorCallback), (2 bytes).
    Removing stm32f4xx_hal_i2c.o(i.HAL_I2C_GetError), (4 bytes).
    Removing stm32f4xx_hal_i2c.o(i.HAL_I2C_GetMode), (6 bytes).
    Removing stm32f4xx_hal_i2c.o(i.HAL_I2C_GetState), (6 bytes).
    Removing stm32f4xx_hal_i2c.o(i.HAL_I2C_Init), (264 bytes).
    Removing stm32f4xx_hal_i2c.o(i.HAL_I2C_IsDeviceReady), (352 bytes).
    Removing stm32f4xx_hal_i2c.o(i.HAL_I2C_ListenCpltCallback), (2 bytes).
    Removing stm32f4xx_hal_i2c.o(i.HAL_I2C_MasterRxCpltCallback), (2 bytes).
    Removing stm32f4xx_hal_i2c.o(i.HAL_I2C_MasterTxCpltCallback), (2 bytes).
    Removing stm32f4xx_hal_i2c.o(i.HAL_I2C_Master_Abort_IT), (86 bytes).
    Removing stm32f4xx_hal_i2c.o(i.HAL_I2C_Master_Receive), (488 bytes).
    Removing stm32f4xx_hal_i2c.o(i.HAL_I2C_Master_Receive_DMA), (296 bytes).
    Removing stm32f4xx_hal_i2c.o(i.HAL_I2C_Master_Receive_IT), (188 bytes).
    Removing stm32f4xx_hal_i2c.o(i.HAL_I2C_Master_Sequential_Receive_IT), (224 bytes).
    Removing stm32f4xx_hal_i2c.o(i.HAL_I2C_Master_Sequential_Transmit_IT), (204 bytes).
    Removing stm32f4xx_hal_i2c.o(i.HAL_I2C_Master_Transmit), (312 bytes).
    Removing stm32f4xx_hal_i2c.o(i.HAL_I2C_Master_Transmit_DMA), (296 bytes).
    Removing stm32f4xx_hal_i2c.o(i.HAL_I2C_Master_Transmit_IT), (180 bytes).
    Removing stm32f4xx_hal_i2c.o(i.HAL_I2C_MemRxCpltCallback), (2 bytes).
    Removing stm32f4xx_hal_i2c.o(i.HAL_I2C_MemTxCpltCallback), (2 bytes).
    Removing stm32f4xx_hal_i2c.o(i.HAL_I2C_Mem_Read), (508 bytes).
    Removing stm32f4xx_hal_i2c.o(i.HAL_I2C_Mem_Read_DMA), (376 bytes).
    Removing stm32f4xx_hal_i2c.o(i.HAL_I2C_Mem_Read_IT), (216 bytes).
    Removing stm32f4xx_hal_i2c.o(i.HAL_I2C_Mem_Write), (316 bytes).
    Removing stm32f4xx_hal_i2c.o(i.HAL_I2C_Mem_Write_DMA), (292 bytes).
    Removing stm32f4xx_hal_i2c.o(i.HAL_I2C_Mem_Write_IT), (204 bytes).
    Removing stm32f4xx_hal_i2c.o(i.HAL_I2C_MspDeInit), (2 bytes).
    Removing stm32f4xx_hal_i2c.o(i.HAL_I2C_MspInit), (2 bytes).
    Removing stm32f4xx_hal_i2c.o(i.HAL_I2C_SlaveRxCpltCallback), (2 bytes).
    Removing stm32f4xx_hal_i2c.o(i.HAL_I2C_SlaveTxCpltCallback), (2 bytes).
    Removing stm32f4xx_hal_i2c.o(i.HAL_I2C_Slave_Receive), (380 bytes).
    Removing stm32f4xx_hal_i2c.o(i.HAL_I2C_Slave_Receive_DMA), (244 bytes).
    Removing stm32f4xx_hal_i2c.o(i.HAL_I2C_Slave_Receive_IT), (180 bytes).
    Removing stm32f4xx_hal_i2c.o(i.HAL_I2C_Slave_Sequential_Receive_IT), (114 bytes).
    Removing stm32f4xx_hal_i2c.o(i.HAL_I2C_Slave_Sequential_Transmit_IT), (114 bytes).
    Removing stm32f4xx_hal_i2c.o(i.HAL_I2C_Slave_Transmit), (356 bytes).
    Removing stm32f4xx_hal_i2c.o(i.HAL_I2C_Slave_Transmit_DMA), (244 bytes).
    Removing stm32f4xx_hal_i2c.o(i.HAL_I2C_Slave_Transmit_IT), (184 bytes).
    Removing stm32f4xx_hal_i2c.o(i.I2C_DMAAbort), (78 bytes).
    Removing stm32f4xx_hal_i2c.o(i.I2C_DMAError), (52 bytes).
    Removing stm32f4xx_hal_i2c.o(i.I2C_DMAXferCplt), (134 bytes).
    Removing stm32f4xx_hal_i2c.o(i.I2C_ITError), (292 bytes).
    Removing stm32f4xx_hal_i2c.o(i.I2C_IsAcknowledgeFailed), (40 bytes).
    Removing stm32f4xx_hal_i2c.o(i.I2C_MasterReceive_BTF), (196 bytes).
    Removing stm32f4xx_hal_i2c.o(i.I2C_MasterReceive_RXNE), (182 bytes).
    Removing stm32f4xx_hal_i2c.o(i.I2C_MasterRequestRead), (222 bytes).
    Removing stm32f4xx_hal_i2c.o(i.I2C_MasterRequestWrite), (148 bytes).
    Removing stm32f4xx_hal_i2c.o(i.I2C_MasterTransmit_BTF), (128 bytes).
    Removing stm32f4xx_hal_i2c.o(i.I2C_MasterTransmit_TXE), (264 bytes).
    Removing stm32f4xx_hal_i2c.o(i.I2C_Master_ADDR), (244 bytes).
    Removing stm32f4xx_hal_i2c.o(i.I2C_Master_SB), (90 bytes).
    Removing stm32f4xx_hal_i2c.o(i.I2C_RequestMemoryRead), (240 bytes).
    Removing stm32f4xx_hal_i2c.o(i.I2C_RequestMemoryWrite), (160 bytes).
    Removing stm32f4xx_hal_i2c.o(i.I2C_Slave_AF), (132 bytes).
    Removing stm32f4xx_hal_i2c.o(i.I2C_Slave_STOPF), (220 bytes).
    Removing stm32f4xx_hal_i2c.o(i.I2C_WaitOnBTFFlagUntilTimeout), (78 bytes).
    Removing stm32f4xx_hal_i2c.o(i.I2C_WaitOnFlagUntilTimeout), (96 bytes).
    Removing stm32f4xx_hal_i2c.o(i.I2C_WaitOnMasterAddressFlagUntilTimeout), (136 bytes).
    Removing stm32f4xx_hal_i2c.o(i.I2C_WaitOnRXNEFlagUntilTimeout), (98 bytes).
    Removing stm32f4xx_hal_i2c.o(i.I2C_WaitOnTXEFlagUntilTimeout), (78 bytes).
    Removing stm32f4xx_hal.o(.rev16_text), (4 bytes).
    Removing stm32f4xx_hal.o(.revsh_text), (4 bytes).
    Removing stm32f4xx_hal.o(.rrx_text), (6 bytes).
    Removing stm32f4xx_hal.o(i.HAL_DBGMCU_DisableDBGSleepMode), (16 bytes).
    Removing stm32f4xx_hal.o(i.HAL_DBGMCU_DisableDBGStandbyMode), (16 bytes).
    Removing stm32f4xx_hal.o(i.HAL_DBGMCU_DisableDBGStopMode), (16 bytes).
    Removing stm32f4xx_hal.o(i.HAL_DBGMCU_EnableDBGSleepMode), (16 bytes).
    Removing stm32f4xx_hal.o(i.HAL_DBGMCU_EnableDBGStandbyMode), (16 bytes).
    Removing stm32f4xx_hal.o(i.HAL_DBGMCU_EnableDBGStopMode), (16 bytes).
    Removing stm32f4xx_hal.o(i.HAL_DeInit), (52 bytes).
    Removing stm32f4xx_hal.o(i.HAL_DisableCompensationCell), (28 bytes).
    Removing stm32f4xx_hal.o(i.HAL_EnableCompensationCell), (28 bytes).
    Removing stm32f4xx_hal.o(i.HAL_GetDEVID), (16 bytes).
    Removing stm32f4xx_hal.o(i.HAL_GetHalVersion), (6 bytes).
    Removing stm32f4xx_hal.o(i.HAL_MspDeInit), (2 bytes).
    Removing stm32f4xx_hal.o(i.HAL_ResumeTick), (14 bytes).
    Removing stm32f4xx_hal.o(i.HAL_SuspendTick), (14 bytes).
    Removing stm32f4xx_hal_flash_ex.o(.rev16_text), (4 bytes).
    Removing stm32f4xx_hal_flash_ex.o(.revsh_text), (4 bytes).
    Removing stm32f4xx_hal_flash_ex.o(.rrx_text), (6 bytes).
    Removing stm32f4xx_hal_flash_ex.o(i.FLASH_Erase_Sector), (88 bytes).
    Removing stm32f4xx_hal_flash_ex.o(i.FLASH_FlushCaches), (84 bytes).
    Removing stm32f4xx_hal_flash_ex.o(i.FLASH_MassErase), (40 bytes).
    Removing stm32f4xx_hal_flash_ex.o(i.HAL_FLASHEx_Erase), (152 bytes).
    Removing stm32f4xx_hal_flash_ex.o(i.HAL_FLASHEx_Erase_IT), (104 bytes).
    Removing stm32f4xx_hal_flash_ex.o(i.HAL_FLASHEx_OBGetConfig), (64 bytes).
    Removing stm32f4xx_hal_flash_ex.o(i.HAL_FLASHEx_OBProgram), (204 bytes).
    Removing stm32f4xx_hal_rcc_ex.o(.rev16_text), (4 bytes).
    Removing stm32f4xx_hal_rcc_ex.o(.revsh_text), (4 bytes).
    Removing stm32f4xx_hal_rcc_ex.o(.rrx_text), (6 bytes).
    Removing stm32f4xx_hal_rcc_ex.o(i.HAL_RCCEx_GetPeriphCLKConfig), (80 bytes).
    Removing stm32f4xx_hal_rcc_ex.o(i.HAL_RCCEx_PeriphCLKConfig), (336 bytes).
    Removing stm32f4xx_hal_rcc_ex.o(i.HAL_RCC_DeInit), (100 bytes).
    Removing stm32f4xx_hal_spi.o(.rev16_text), (4 bytes).
    Removing stm32f4xx_hal_spi.o(.revsh_text), (4 bytes).
    Removing stm32f4xx_hal_spi.o(.rrx_text), (6 bytes).
    Removing stm32f4xx_hal_spi.o(i.HAL_SPI_DMAPause), (38 bytes).
    Removing stm32f4xx_hal_spi.o(i.HAL_SPI_DMAResume), (38 bytes).
    Removing stm32f4xx_hal_spi.o(i.HAL_SPI_DMAStop), (40 bytes).
    Removing stm32f4xx_hal_spi.o(i.HAL_SPI_ErrorCallback), (2 bytes).
    Removing stm32f4xx_hal_spi.o(i.HAL_SPI_GetError), (4 bytes).
    Removing stm32f4xx_hal_spi.o(i.HAL_SPI_IRQHandler), (212 bytes).
    Removing stm32f4xx_hal_spi.o(i.HAL_SPI_Receive), (498 bytes).
    Removing stm32f4xx_hal_spi.o(i.HAL_SPI_Receive_DMA), (244 bytes).
    Removing stm32f4xx_hal_spi.o(i.HAL_SPI_Receive_IT), (196 bytes).
    Removing stm32f4xx_hal_spi.o(i.HAL_SPI_RxCpltCallback), (2 bytes).
    Removing stm32f4xx_hal_spi.o(i.HAL_SPI_RxHalfCpltCallback), (2 bytes).
    Removing stm32f4xx_hal_spi.o(i.HAL_SPI_Transmit), (410 bytes).
    Removing stm32f4xx_hal_spi.o(i.HAL_SPI_TransmitReceive_DMA), (292 bytes).
    Removing stm32f4xx_hal_spi.o(i.HAL_SPI_TransmitReceive_IT), (196 bytes).
    Removing stm32f4xx_hal_spi.o(i.HAL_SPI_Transmit_DMA), (212 bytes).
    Removing stm32f4xx_hal_spi.o(i.HAL_SPI_Transmit_IT), (180 bytes).
    Removing stm32f4xx_hal_spi.o(i.HAL_SPI_TxCpltCallback), (2 bytes).
    Removing stm32f4xx_hal_spi.o(i.HAL_SPI_TxHalfCpltCallback), (2 bytes).
    Removing stm32f4xx_hal_spi.o(i.HAL_SPI_TxRxCpltCallback), (2 bytes).
    Removing stm32f4xx_hal_spi.o(i.HAL_SPI_TxRxHalfCpltCallback), (2 bytes).
    Removing stm32f4xx_hal_spi.o(i.SPI_2linesRxISR_16BIT), (64 bytes).
    Removing stm32f4xx_hal_spi.o(i.SPI_2linesRxISR_16BITCRC), (34 bytes).
    Removing stm32f4xx_hal_spi.o(i.SPI_2linesRxISR_8BIT), (64 bytes).
    Removing stm32f4xx_hal_spi.o(i.SPI_2linesRxISR_8BITCRC), (44 bytes).
    Removing stm32f4xx_hal_spi.o(i.SPI_2linesTxISR_16BIT), (74 bytes).
    Removing stm32f4xx_hal_spi.o(i.SPI_2linesTxISR_8BIT), (72 bytes).
    Removing stm32f4xx_hal_spi.o(i.SPI_CloseRxTx_ISR), (176 bytes).
    Removing stm32f4xx_hal_spi.o(i.SPI_CloseRx_ISR), (104 bytes).
    Removing stm32f4xx_hal_spi.o(i.SPI_CloseTx_ISR), (124 bytes).
    Removing stm32f4xx_hal_spi.o(i.SPI_DMAAbortOnError), (16 bytes).
    Removing stm32f4xx_hal_spi.o(i.SPI_DMAError), (34 bytes).
    Removing stm32f4xx_hal_spi.o(i.SPI_DMAHalfReceiveCplt), (10 bytes).
    Removing stm32f4xx_hal_spi.o(i.SPI_DMAHalfTransmitCplt), (10 bytes).
    Removing stm32f4xx_hal_spi.o(i.SPI_DMAHalfTransmitReceiveCplt), (10 bytes).
    Removing stm32f4xx_hal_spi.o(i.SPI_DMAReceiveCplt), (160 bytes).
    Removing stm32f4xx_hal_spi.o(i.SPI_DMATransmitCplt), (90 bytes).
    Removing stm32f4xx_hal_spi.o(i.SPI_DMATransmitReceiveCplt), (152 bytes).
    Removing stm32f4xx_hal_spi.o(i.SPI_RxISR_16BIT), (72 bytes).
    Removing stm32f4xx_hal_spi.o(i.SPI_RxISR_16BITCRC), (34 bytes).
    Removing stm32f4xx_hal_spi.o(i.SPI_RxISR_8BIT), (72 bytes).
    Removing stm32f4xx_hal_spi.o(i.SPI_RxISR_8BITCRC), (26 bytes).
    Removing stm32f4xx_hal_spi.o(i.SPI_TxISR_16BIT), (50 bytes).
    Removing stm32f4xx_hal_spi.o(i.SPI_TxISR_8BIT), (48 bytes).
    Removing stm32f4xx_hal_gpio.o(.rev16_text), (4 bytes).
    Removing stm32f4xx_hal_gpio.o(.revsh_text), (4 bytes).
    Removing stm32f4xx_hal_gpio.o(.rrx_text), (6 bytes).
    Removing stm32f4xx_hal_gpio.o(i.HAL_GPIO_DeInit), (328 bytes).
    Removing stm32f4xx_hal_gpio.o(i.HAL_GPIO_LockPin), (34 bytes).
    Removing stm32f4xx_hal_gpio.o(i.HAL_GPIO_ReadPin), (10 bytes).
    Removing audio_play.o(.rev16_text), (4 bytes).
    Removing audio_play.o(.revsh_text), (4 bytes).
    Removing audio_play.o(.rrx_text), (6 bytes).
    Removing audio_play.o(i.AudioPlay_Test), (212 bytes).
    Removing audio_play.o(i.BSP_AUDIO_OUT_Error_CallBack), (4 bytes).
    Removing audio_play.o(i.BSP_AUDIO_OUT_TransferComplete_CallBack), (172 bytes).
    Removing audio_play.o(.data), (20 bytes).
    Removing main.o(.rev16_text), (4 bytes).
    Removing main.o(.revsh_text), (4 bytes).
    Removing main.o(.rrx_text), (6 bytes).
    Removing main.o(.data), (1 bytes).
    Removing main.o(.data), (4 bytes).
    Removing audio_record.o(.rev16_text), (4 bytes).
    Removing audio_record.o(.revsh_text), (4 bytes).
    Removing audio_record.o(.rrx_text), (6 bytes).
    Removing audio_record.o(i.AudioRecord_Test), (300 bytes).
    Removing audio_record.o(i.BSP_AUDIO_IN_Error_Callback), (4 bytes).
    Removing audio_record.o(i.BSP_AUDIO_IN_HalfTransfer_CallBack), (12 bytes).
    Removing audio_record.o(i.BSP_AUDIO_IN_TransferComplete_CallBack), (12 bytes).
    Removing audio_record.o(.bss), (44 bytes).
    Removing audio_record.o(.bss), (57664 bytes).
    Removing audio_record.o(.data), (20 bytes).
    Removing mems.o(.rev16_text), (4 bytes).
    Removing mems.o(.revsh_text), (4 bytes).
    Removing mems.o(.rrx_text), (6 bytes).
    Removing stm32f4xx_it.o(.rev16_text), (4 bytes).
    Removing stm32f4xx_it.o(.revsh_text), (4 bytes).
    Removing stm32f4xx_it.o(.rrx_text), (6 bytes).
    Removing lis302dl.o(i.LIS302DL_DataRateCmd), (40 bytes).
    Removing lis302dl.o(i.LIS302DL_FullScaleCmd), (40 bytes).
    Removing lis302dl.o(i.LIS302DL_LowpowerCmd), (40 bytes).
    Removing lis3dsh.o(i.LIS3DSH_DataRateCmd), (40 bytes).
    Removing lis3dsh.o(i.LIS3DSH_FullScaleCmd), (40 bytes).
    Removing lis3dsh.o(i.LIS3DSH_ODR_LowpowerCmd), (40 bytes).
    Removing cs43l22.o(i.CODEC_IO_Write), (10 bytes).
    Removing cs43l22.o(i.cs43l22_DeInit), (4 bytes).
    Removing cs43l22.o(i.cs43l22_Init), (224 bytes).
    Removing cs43l22.o(i.cs43l22_Pause), (26 bytes).
    Removing cs43l22.o(i.cs43l22_Play), (60 bytes).
    Removing cs43l22.o(i.cs43l22_ReadID), (22 bytes).
    Removing cs43l22.o(i.cs43l22_Reset), (4 bytes).
    Removing cs43l22.o(i.cs43l22_Resume), (60 bytes).
    Removing cs43l22.o(i.cs43l22_SetFrequency), (4 bytes).
    Removing cs43l22.o(i.cs43l22_SetMute), (84 bytes).
    Removing cs43l22.o(i.cs43l22_SetOutputMode), (80 bytes).
    Removing cs43l22.o(i.cs43l22_SetVolume), (60 bytes).
    Removing cs43l22.o(i.cs43l22_Stop), (48 bytes).
    Removing cs43l22.o(.data), (48 bytes).
    Removing cs43l22.o(.data), (2 bytes).
    Removing stm32f4_discovery_audio.o(.rev16_text), (4 bytes).
    Removing stm32f4_discovery_audio.o(.revsh_text), (4 bytes).
    Removing stm32f4_discovery_audio.o(.rrx_text), (6 bytes).
    Removing stm32f4_discovery_audio.o(i.BSP_AUDIO_IN_Error_Callback), (2 bytes).
    Removing stm32f4_discovery_audio.o(i.BSP_AUDIO_IN_HalfTransfer_CallBack), (2 bytes).
    Removing stm32f4_discovery_audio.o(i.BSP_AUDIO_IN_Init), (66 bytes).
    Removing stm32f4_discovery_audio.o(i.BSP_AUDIO_IN_PDMToPCM), (76 bytes).
    Removing stm32f4_discovery_audio.o(i.BSP_AUDIO_IN_Pause), (16 bytes).
    Removing stm32f4_discovery_audio.o(i.BSP_AUDIO_IN_Record), (20 bytes).
    Removing stm32f4_discovery_audio.o(i.BSP_AUDIO_IN_Resume), (16 bytes).
    Removing stm32f4_discovery_audio.o(i.BSP_AUDIO_IN_SetVolume), (12 bytes).
    Removing stm32f4_discovery_audio.o(i.BSP_AUDIO_IN_Stop), (16 bytes).
    Removing stm32f4_discovery_audio.o(i.BSP_AUDIO_IN_TransferComplete_CallBack), (2 bytes).
    Removing stm32f4_discovery_audio.o(i.BSP_AUDIO_OUT_ChangeBuffer), (16 bytes).
    Removing stm32f4_discovery_audio.o(i.BSP_AUDIO_OUT_Error_CallBack), (2 bytes).
    Removing stm32f4_discovery_audio.o(i.BSP_AUDIO_OUT_HalfTransfer_CallBack), (2 bytes).
    Removing stm32f4_discovery_audio.o(i.BSP_AUDIO_OUT_Init), (156 bytes).
    Removing stm32f4_discovery_audio.o(i.BSP_AUDIO_OUT_Pause), (36 bytes).
    Removing stm32f4_discovery_audio.o(i.BSP_AUDIO_OUT_Play), (64 bytes).
    Removing stm32f4_discovery_audio.o(i.BSP_AUDIO_OUT_Resume), (36 bytes).
    Removing stm32f4_discovery_audio.o(i.BSP_AUDIO_OUT_SetFrequency), (52 bytes).
    Removing stm32f4_discovery_audio.o(i.BSP_AUDIO_OUT_SetMute), (28 bytes).
    Removing stm32f4_discovery_audio.o(i.BSP_AUDIO_OUT_SetOutputMode), (28 bytes).
    Removing stm32f4_discovery_audio.o(i.BSP_AUDIO_OUT_SetVolume), (28 bytes).
    Removing stm32f4_discovery_audio.o(i.BSP_AUDIO_OUT_Stop), (64 bytes).
    Removing stm32f4_discovery_audio.o(i.BSP_AUDIO_OUT_TransferComplete_CallBack), (2 bytes).
    Removing stm32f4_discovery_audio.o(i.HAL_I2S_ErrorCallback), (40 bytes).
    Removing stm32f4_discovery_audio.o(i.HAL_I2S_RxCpltCallback), (8 bytes).
    Removing stm32f4_discovery_audio.o(i.HAL_I2S_RxHalfCpltCallback), (8 bytes).
    Removing stm32f4_discovery_audio.o(i.HAL_I2S_TxCpltCallback), (20 bytes).
    Removing stm32f4_discovery_audio.o(i.HAL_I2S_TxHalfCpltCallback), (20 bytes).
    Removing stm32f4_discovery_audio.o(i.I2S2_Init), (72 bytes).
    Removing stm32f4_discovery_audio.o(i.I2S2_MspInit), (240 bytes).
    Removing stm32f4_discovery_audio.o(i.I2S3_Init), (64 bytes).
    Removing stm32f4_discovery_audio.o(i.I2S3_MspInit), (260 bytes).
    Removing stm32f4_discovery_audio.o(i.PDMDecoder_Init), (96 bytes).
    Removing stm32f4_discovery_audio.o(.constdata), (96 bytes).
    Removing stm32f4_discovery_audio.o(.data), (8 bytes).
    Removing stm32f4_discovery_accelerometer.o(.rev16_text), (4 bytes).
    Removing stm32f4_discovery_accelerometer.o(.revsh_text), (4 bytes).
    Removing stm32f4_discovery_accelerometer.o(.rrx_text), (6 bytes).
    Removing stm32f4_discovery_accelerometer.o(i.BSP_ACCELERO_Click_ITClear), (20 bytes).
    Removing stm32f4_discovery_accelerometer.o(i.BSP_ACCELERO_Click_ITConfig), (20 bytes).
    Removing stm32f4_discovery_accelerometer.o(i.BSP_ACCELERO_ReadID), (20 bytes).
    Removing stm32f4_discovery_accelerometer.o(i.BSP_ACCELERO_Reset), (20 bytes).
    Removing stm32f4_discovery.o(.rev16_text), (4 bytes).
    Removing stm32f4_discovery.o(.revsh_text), (4 bytes).
    Removing stm32f4_discovery.o(.rrx_text), (6 bytes).
    Removing stm32f4_discovery.o(i.AUDIO_IO_DeInit), (2 bytes).
    Removing stm32f4_discovery.o(i.AUDIO_IO_Init), (96 bytes).
    Removing stm32f4_discovery.o(i.AUDIO_IO_Read), (60 bytes).
    Removing stm32f4_discovery.o(i.AUDIO_IO_Write), (56 bytes).
    Removing stm32f4_discovery.o(i.BSP_GetVersion), (8 bytes).
    Removing stm32f4_discovery.o(i.BSP_PB_GetState), (24 bytes).
    Removing stm32f4_discovery.o(i.I2Cx_Error), (20 bytes).
    Removing stm32f4_discovery.o(i.I2Cx_Init), (64 bytes).
    Removing stm32f4_discovery.o(i.I2Cx_MspInit), (136 bytes).
    Removing system_stm32f4xx.o(.rev16_text), (4 bytes).
    Removing system_stm32f4xx.o(.revsh_text), (4 bytes).
    Removing system_stm32f4xx.o(.rrx_text), (6 bytes).
    Removing system_stm32f4xx.o(i.SystemCoreClockUpdate), (120 bytes).
    Removing system_stm32f4xx.o(.constdata), (16 bytes).
    Removing pdm_filter.o(.text), (6208 bytes).
    Removing pdm_filter.o(.data), (772 bytes).
    Removing fmul.o(.text), (100 bytes).
    Removing fscalb.o(.text), (24 bytes).
    Removing dadd.o(.text), (334 bytes).
    Removing dmul.o(.text), (228 bytes).
    Removing ddiv.o(.text), (222 bytes).
    Removing dscalb.o(.text), (46 bytes).
    Removing ffltui.o(.text), (10 bytes).
    Removing dfltui.o(.text), (26 bytes).
    Removing dfixui.o(.text), (50 bytes).
    Removing f2d.o(.text), (38 bytes).
    Removing d2f.o(.text), (56 bytes).
    Removing cfrcmple.o(.text), (20 bytes).
    Removing fepilogue.o(.text), (110 bytes).
    Removing depilogue.o(.text), (186 bytes).
    Removing dneg.o(.text), (6 bytes).
    Removing dsqrt.o(.text), (162 bytes).
    Removing cdcmple.o(.text), (48 bytes).
    Removing dflti.o(.text), (34 bytes).
    Removing dfixi.o(.text), (62 bytes).

433 unused section(s) (total 97755 bytes) removed from the image.

==============================================================================

Memory Map of the image

  Image Entry point : 0x00000000

  Load Region LR_IROM1 (Base: 0x08000000, Size: 0x00001ac4, Max: 0x00100000, ABSOLUTE)

    Execution Region ER_IROM1 (Base: 0x08000000, Size: 0x00001a2c, Max: 0x00100000, ABSOLUTE)

    Base Addr    Size         Type   Attr      Idx    E Section Name        Object

    0x08000000   0x00000188   Data   RO            3    RESET               startup_stm32f407xx.o
    0x08000188   0x00000000   Code   RO         3067  * .ARM.Collect$$$$00000000  mc_w.l(entry.o)
    0x08000188   0x00000004   Code   RO         3126    .ARM.Collect$$$$00000001  mc_w.l(entry2.o)
    0x0800018c   0x00000004   Code   RO         3129    .ARM.Collect$$$$00000004  mc_w.l(entry5.o)
    0x08000190   0x00000000   Code   RO         3131    .ARM.Collect$$$$00000008  mc_w.l(entry7b.o)
    0x08000190   0x00000000   Code   RO         3133    .ARM.Collect$$$$0000000A  mc_w.l(entry8b.o)
    0x08000190   0x00000008   Code   RO         3134    .ARM.Collect$$$$0000000B  mc_w.l(entry9a.o)
    0x08000198   0x00000000   Code   RO         3136    .ARM.Collect$$$$0000000D  mc_w.l(entry10a.o)
    0x08000198   0x00000000   Code   RO         3138    .ARM.Collect$$$$0000000F  mc_w.l(entry11a.o)
    0x08000198   0x00000004   Code   RO         3127    .ARM.Collect$$$$00002712  mc_w.l(entry2.o)
    0x0800019c   0x00000024   Code   RO            4    .text               startup_stm32f407xx.o
    0x080001c0   0x00000024   Code   RO         3174    .text               mc_w.l(init.o)
    0x080001e4   0x0000004c   Code   RO         2867    i.ACCELERO_IO_ITConfig  stm32f4_discovery.o
    0x08000230   0x00000048   Code   RO         2868    i.ACCELERO_IO_Init  stm32f4_discovery.o
    0x08000278   0x00000050   Code   RO         2869    i.ACCELERO_IO_Read  stm32f4_discovery.o
    0x080002c8   0x00000048   Code   RO         2870    i.ACCELERO_IO_Write  stm32f4_discovery.o
    0x08000310   0x00000024   Code   RO         2204    i.ACCELERO_MEMS_Test  mems.o
    0x08000334   0x00000088   Code   RO         2205    i.ACCELERO_ReadAcc  mems.o
    0x080003bc   0x00000030   Code   RO         2813    i.BSP_ACCELERO_GetXYZ  stm32f4_discovery_accelerometer.o
    0x080003ec   0x00000048   Code   RO         2814    i.BSP_ACCELERO_Init  stm32f4_discovery_accelerometer.o
    0x08000434   0x00000064   Code   RO         2876    i.BSP_LED_Init      stm32f4_discovery.o
    0x08000498   0x0000001c   Code   RO         2877    i.BSP_LED_Off       stm32f4_discovery.o
    0x080004b4   0x0000001c   Code   RO         2878    i.BSP_LED_On        stm32f4_discovery.o
    0x080004d0   0x00000018   Code   RO         2879    i.BSP_LED_Toggle    stm32f4_discovery.o
    0x080004e8   0x00000080   Code   RO         2881    i.BSP_PB_Init       stm32f4_discovery.o
    0x08000568   0x00000002   Code   RO         2237    i.BusFault_Handler  stm32f4xx_it.o
    0x0800056a   0x00000002   PAD
    0x0800056c   0x0000000c   Code   RO         2238    i.DMA1_Stream3_IRQHandler  stm32f4xx_it.o
    0x08000578   0x0000000c   Code   RO         2239    i.DMA1_Stream7_IRQHandler  stm32f4xx_it.o
    0x08000584   0x00000002   Code   RO         2240    i.DebugMon_Handler  stm32f4xx_it.o
    0x08000586   0x00000006   Code   RO         2241    i.EXTI0_IRQHandler  stm32f4xx_it.o
    0x0800058c   0x00000006   Code   RO         2242    i.EXTI1_IRQHandler  stm32f4xx_it.o
    0x08000592   0x00000008   Code   RO         2107    i.Error_Handler     main.o
    0x0800059a   0x00000002   PAD
    0x0800059c   0x000001a8   Code   RO          920    i.HAL_DMA_IRQHandler  stm32f4xx_hal_dma.o
    0x08000744   0x00000016   Code   RO         1423    i.HAL_Delay         stm32f4xx_hal.o
    0x0800075a   0x00000002   Code   RO         1959    i.HAL_GPIO_EXTI_Callback  stm32f4xx_hal_gpio.o
    0x0800075c   0x00000018   Code   RO         1960    i.HAL_GPIO_EXTI_IRQHandler  stm32f4xx_hal_gpio.o
    0x08000774   0x000001b0   Code   RO         1961    i.HAL_GPIO_Init     stm32f4xx_hal_gpio.o
    0x08000924   0x00000008   Code   RO         1964    i.HAL_GPIO_TogglePin  stm32f4xx_hal_gpio.o
    0x0800092c   0x0000000a   Code   RO         1965    i.HAL_GPIO_WritePin  stm32f4xx_hal_gpio.o
    0x08000936   0x00000002   PAD
    0x08000938   0x0000000c   Code   RO         1428    i.HAL_GetREVID      stm32f4xx_hal.o
    0x08000944   0x0000000c   Code   RO         1429    i.HAL_GetTick       stm32f4xx_hal.o
    0x08000950   0x00000010   Code   RO         1430    i.HAL_IncTick       stm32f4xx_hal.o
    0x08000960   0x0000002c   Code   RO         1431    i.HAL_Init          stm32f4xx_hal.o
    0x0800098c   0x00000028   Code   RO         1432    i.HAL_InitTick      stm32f4xx_hal.o
    0x080009b4   0x00000002   Code   RO         1434    i.HAL_MspInit       stm32f4xx_hal.o
    0x080009b6   0x0000001a   Code   RO          317    i.HAL_NVIC_EnableIRQ  stm32f4xx_hal_cortex.o
    0x080009d0   0x00000040   Code   RO          323    i.HAL_NVIC_SetPriority  stm32f4xx_hal_cortex.o
    0x08000a10   0x00000024   Code   RO          324    i.HAL_NVIC_SetPriorityGrouping  stm32f4xx_hal_cortex.o
    0x08000a34   0x0000017c   Code   RO          790    i.HAL_RCC_ClockConfig  stm32f4xx_hal_rcc.o
    0x08000bb0   0x00000070   Code   RO          799    i.HAL_RCC_GetSysClockFreq  stm32f4xx_hal_rcc.o
    0x08000c20   0x00000314   Code   RO          802    i.HAL_RCC_OscConfig  stm32f4xx_hal_rcc.o
    0x08000f34   0x0000002e   Code   RO         1662    i.HAL_SPI_DeInit    stm32f4xx_hal_spi.o
    0x08000f62   0x00000006   Code   RO         1665    i.HAL_SPI_GetState  stm32f4xx_hal_spi.o
    0x08000f68   0x0000008c   Code   RO         1667    i.HAL_SPI_Init      stm32f4xx_hal_spi.o
    0x08000ff4   0x00000002   Code   RO         1668    i.HAL_SPI_MspDeInit  stm32f4xx_hal_spi.o
    0x08000ff6   0x00000002   Code   RO         1669    i.HAL_SPI_MspInit   stm32f4xx_hal_spi.o
    0x08000ff8   0x0000026e   Code   RO         1676    i.HAL_SPI_TransmitReceive  stm32f4xx_hal_spi.o
    0x08001266   0x00000028   Code   RO          328    i.HAL_SYSTICK_Config  stm32f4xx_hal_cortex.o
    0x0800128e   0x00000002   Code   RO         2243    i.HardFault_Handler  stm32f4xx_it.o
    0x08001290   0x0000001e   Code   RO         2334    i.LIS302DL_Click_IntClear  lis302dl.o
    0x080012ae   0x000000a4   Code   RO         2335    i.LIS302DL_Click_IntConfig  lis302dl.o
    0x08001352   0x00000002   Code   RO         2337    i.LIS302DL_DeInit   lis302dl.o
    0x08001354   0x0000002e   Code   RO         2338    i.LIS302DL_FilterConfig  lis302dl.o
    0x08001382   0x0000001e   Code   RO         2340    i.LIS302DL_Init     lis302dl.o
    0x080013a0   0x0000002e   Code   RO         2341    i.LIS302DL_InterruptConfig  lis302dl.o
    0x080013ce   0x00000002   PAD
    0x080013d0   0x00000068   Code   RO         2343    i.LIS302DL_ReadACC  lis302dl.o
    0x08001438   0x0000001c   Code   RO         2344    i.LIS302DL_ReadID   lis302dl.o
    0x08001454   0x00000024   Code   RO         2345    i.LIS302DL_RebootCmd  lis302dl.o
    0x08001478   0x000000d2   Code   RO         2421    i.LIS3DSH_Click_IntConfig  lis3dsh.o
    0x0800154a   0x00000002   Code   RO         2423    i.LIS3DSH_DeInit    lis3dsh.o
    0x0800154c   0x0000002e   Code   RO         2425    i.LIS3DSH_Init      lis3dsh.o
    0x0800157a   0x0000004c   Code   RO         2426    i.LIS3DSH_InterruptConfig  lis3dsh.o
    0x080015c6   0x00000002   PAD
    0x080015c8   0x000000dc   Code   RO         2428    i.LIS3DSH_ReadACC   lis3dsh.o
    0x080016a4   0x0000001c   Code   RO         2429    i.LIS3DSH_ReadID    lis3dsh.o
    0x080016c0   0x00000024   Code   RO         2430    i.LIS3DSH_RebootCmd  lis3dsh.o
    0x080016e4   0x00000002   Code   RO         2244    i.MemManage_Handler  stm32f4xx_it.o
    0x080016e6   0x00000002   Code   RO         2245    i.NMI_Handler       stm32f4xx_it.o
    0x080016e8   0x00000002   Code   RO         2246    i.PendSV_Handler    stm32f4xx_it.o
    0x080016ea   0x00000020   Code   RO         1691    i.SPI_CheckFlag_BSY  stm32f4xx_hal_spi.o
    0x0800170a   0x00000096   Code   RO         1709    i.SPI_WaitFlagStateUntilTimeout  stm32f4xx_hal_spi.o
    0x080017a0   0x00000098   Code   RO         2885    i.SPIx_Init         stm32f4_discovery.o
    0x08001838   0x00000038   Code   RO         2886    i.SPIx_WriteRead    stm32f4_discovery.o
    0x08001870   0x00000002   Code   RO         2247    i.SVC_Handler       stm32f4xx_it.o
    0x08001872   0x00000004   Code   RO         2248    i.SysTick_Handler   stm32f4xx_it.o
    0x08001876   0x00000002   PAD
    0x08001878   0x00000090   Code   RO         2108    i.SystemClock_Config  main.o
    0x08001908   0x00000054   Code   RO         3006    i.SystemInit        system_stm32f4xx.o
    0x0800195c   0x00000036   Code   RO         2109    i.Toggle_Leds       main.o
    0x08001992   0x00000002   Code   RO         2249    i.UsageFault_Handler  stm32f4xx_it.o
    0x08001994   0x00000020   Code   RO          330    i.__NVIC_SetPriority  stm32f4xx_hal_cortex.o
    0x080019b4   0x0000005c   Code   RO         2110    i.main              main.o
    0x08001a10   0x00000010   Data   RO          803    .constdata          stm32f4xx_hal_rcc.o
    0x08001a20   0x0000000c   Data   RO         2888    .constdata          stm32f4_discovery.o
    0x08001a2c   0x00000000   Data   RO         3180    Region$$Table       anon$$obj.o


    Execution Region RW_IRAM1 (Base: 0x20000000, Size: 0x000006c0, Max: 0x00020000, ABSOLUTE)

    Base Addr    Size         Type   Attr      Idx    E Section Name        Object

    0x20000000   0x00000004   Data   RW         1437    .data               stm32f4xx_hal.o
    0x20000004   0x00000001   Data   RW         2112    .data               main.o
    0x20000005   0x00000001   PAD
    0x20000006   0x00000004   Data   RW         2206    .data               mems.o
    0x2000000a   0x00000002   PAD
    0x2000000c   0x00000034   Data   RW         2346    .data               lis302dl.o
    0x20000040   0x00000034   Data   RW         2431    .data               lis3dsh.o
    0x20000074   0x00000004   Data   RW         2817    .data               stm32f4_discovery_accelerometer.o
    0x20000078   0x0000001c   Data   RW         2889    .data               stm32f4_discovery.o
    0x20000094   0x00000004   Data   RW         3008    .data               system_stm32f4xx.o
    0x20000098   0x0000017c   Zero   RW         2625    .bss                stm32f4_discovery_audio.o
    0x20000214   0x000000ac   Zero   RW         2887    .bss                stm32f4_discovery.o
    0x200002c0   0x00000400   Zero   RW            1    STACK               startup_stm32f407xx.o

